/Users/cuteloli/.local/share/fnm/node-versions/v24.10.0/installation/bin/node /var/folders/dk/hdf0w6sx0dbfnxr2gy5dh1mw0000gn/T/toolchain-seed-xGknYz/2/tools/yarn-3.2.0-rc.3/yarn.cjs install --immutable
➤ YN0000: ┌ Resolution step
➤ YN0000: └ Completed
➤ YN0000: ┌ Fetch step
➤ YN0013: │ No packages were cached - one package had to be fetched (is-number@npm:7.0.0)
➤ YN0000: └ Completed in 0s 342ms
➤ YN0000: ┌ Link step
➤ YN0000: └ Completed
➤ YN0000: Done in 0s 371ms

[PnP dependency verification] /Users/cuteloli/.local/share/fnm/node-versions/v24.10.0/installation/bin/node --require /var/folders/dk/hdf0w6sx0dbfnxr2gy5dh1mw0000gn/T/toolchain-seed-xGknYz/2/project/.pnp.cjs --eval const out = {}; for (const name of JSON.parse(process.argv[1])) out[name] = require(name + "/package.json").version; console.log("NTI_DEPENDENCIES " + JSON.stringify(out)); ["is-number"]
NTI_DEPENDENCIES {"is-number":"7.0.0"}

[Contradictory manifest control]
{
  "name": "compatibility-fixture",
  "version": "1.0.0",
  "private": true,
  "dependencies": {
    "is-number": "6.0.0"
  }
}
Result: incompatible; logs/fa1cc4cdfa5190ec64b2ffef0ac8b0b1c2ac525d7bce9be0fc5d7ab9c1e70671-4501cc0f9286.log
