/Users/cuteloli/.local/share/fnm/node-versions/v24.10.0/installation/bin/node /var/folders/dk/hdf0w6sx0dbfnxr2gy5dh1mw0000gn/T/toolchain-seed-xGknYz/2/tools/yarn-0.21.3/node_modules/yarn/bin/yarn.js install --frozen-lockfile --ignore-scripts --non-interactive
yarn install v0.21.3
(node:10618) [DEP0060] DeprecationWarning: The `util._extend` API is deprecated. Please use Object.assign() instead.
(Use `node --trace-deprecation ...` to show where the warning was created)
[1/4] Resolving packages...
[2/4] Fetching packages...
[3/4] Linking dependencies...
[4/4] Building fresh packages...
warning Ignored scripts due to flag.
Done in 0.17s.

[Contradictory manifest control]
{
  "name": "compatibility-fixture",
  "version": "1.0.0",
  "private": true,
  "dependencies": {
    "is-number": "6.0.0"
  }
}
Result: incompatible; logs/2485d4c757e168302f875bd478de2ec88cf4e232e04aa67f2d0a429edded3df9-b3cf40370d35.log
