/Users/cuteloli/.local/share/fnm/node-versions/v24.10.0/installation/bin/node /var/folders/dk/hdf0w6sx0dbfnxr2gy5dh1mw0000gn/T/toolchain-seed-xGknYz/2/tools/yarn-0.23.4/node_modules/yarn/bin/yarn.js install --frozen-lockfile --ignore-scripts --non-interactive
yarn install v0.23.4
(node:2047) [DEP0060] DeprecationWarning: The `util._extend` API is deprecated. Please use Object.assign() instead.
(Use `node --trace-deprecation ...` to show where the warning was created)
[1/4] Resolving packages...
[2/4] Fetching packages...
[3/4] Linking dependencies...
[4/4] Building fresh packages...
warning Ignored scripts due to flag.
Done in 0.60s.

[Contradictory manifest control]
{
  "name": "compatibility-fixture",
  "version": "1.0.0",
  "private": true,
  "dependencies": {
    "is-number": "6.0.0"
  }
}
Result: incompatible; logs/2e8afee42412ccc7f195b190de0875ebe9902a630ba02a77a5dd17132b682663-e6e038da798f.log
