/Users/cuteloli/.local/share/fnm/node-versions/v24.10.0/installation/bin/node /var/folders/dk/hdf0w6sx0dbfnxr2gy5dh1mw0000gn/T/toolchain-seed-xGknYz/5/tools/yarn-3.2.1/node_modules/@yarnpkg/cli-dist/bin/yarn.js install --immutable
➤ YN0000: ┌ Resolution step
➤ YN0000: └ Completed
➤ YN0000: ┌ Fetch step
➤ YN0013: │ No packages were cached - one package had to be fetched (is-number@npm:7.0.0)
➤ YN0000: └ Completed in 0s 441ms
➤ YN0000: ┌ Link step
➤ YN0000: └ Completed
➤ YN0000: Done in 0s 570ms

[PnP dependency verification] /Users/cuteloli/.local/share/fnm/node-versions/v24.10.0/installation/bin/node --require /var/folders/dk/hdf0w6sx0dbfnxr2gy5dh1mw0000gn/T/toolchain-seed-xGknYz/5/project/.pnp.cjs --eval const out = {}; for (const name of JSON.parse(process.argv[1])) out[name] = require(name + "/package.json").version; console.log("NTI_DEPENDENCIES " + JSON.stringify(out)); ["is-number"]
NTI_DEPENDENCIES {"is-number":"7.0.0"}

[Contradictory manifest control]
{
  "name": "compatibility-fixture",
  "version": "1.0.0",
  "private": true,
  "dependencies": {
    "is-number": "6.0.0"
  }
}
Result: incompatible; logs/ea16f82491d34771f54df9475745010f1965caf511ff73316408cc51b2379345-ec27f2154f05.log
