/Users/cuteloli/.local/share/fnm/node-versions/v24.10.0/installation/bin/node /var/folders/dk/hdf0w6sx0dbfnxr2gy5dh1mw0000gn/T/toolchain-seed-gYV5T8/9/tools/yarn-4.0.2/node_modules/@yarnpkg/cli-dist/bin/yarn.js install --immutable
➤ YN0000: · Yarn 4.0.2
➤ YN0000: ┌ Resolution step
➤ YN0000: └ Completed

➤ YN0000: ┌ Post-resolution validation
➤ YN0000: │ @@ -1,9 +1,9 @@
➤ YN0000: │  # This file is generated by running "yarn install" inside your project.
➤ YN0000: │  # Manual changes might be lost - proceed with caution!
➤ YN0000: │  
➤ YN0000: │  __metadata:
➤ YN0028: │ -  version: 10
➤ YN0028: │ +  version: 8
➤ YN0000: │    cacheKey: 10c0
➤ YN0000: │  
➤ YN0000: │  "compatibility-fixture@workspace:.":
➤ YN0000: │    version: 0.0.0-use.local
➤ YN0000: │ @@ -15,7 +15,7 @@
➤ YN0000: │  
➤ YN0000: │  "is-number@npm:7.0.0":
➤ YN0000: │    version: 7.0.0
➤ YN0000: │    resolution: "is-number@npm:7.0.0"
➤ YN0028: │ -  checksum: 10c0/b4686d0d3053146095ccd45346461bc8e53b80aeb7671cc52a4de02dbbf7dc0d1d2a986e2fe4ae206984b4d34ef37e8b795ebc4f4295c978373e6575e295d811
➤ YN0028: │ +  checksum: b4686d0d3053146095ccd45346461bc8e53b80aeb7671cc52a4de02dbbf7dc0d1d2a986e2fe4ae206984b4d34ef37e8b795ebc4f4295c978373e6575e295d811
➤ YN0000: │    languageName: node
➤ YN0000: │    linkType: hard
➤ YN0000: │ 
➤ YN0028: │ The lockfile would have been modified by this install, which is explicitly forbidden.
➤ YN0000: └ Completed
➤ YN0000: · Failed with errors in 0s 21ms
