Error: Dependency bootstrap incomplete; log: /Users/cuteloli/Code/node-toolchain-infer/.cache/maintenance/prepared/c5ab618ea6bb2a0fa58200c11e76e4689357110a5c8b5fdd3d8e74d0e6cdb63c/attempt-NBzC5r/bootstrap.log
    at <anonymous> (/Users/cuteloli/Code/node-toolchain-infer/maintenance/bootstrap.ts:145:15)
Error: Command failed: /Users/cuteloli/.local/share/fnm/node-versions/v24.10.0/installation/bin/node /Users/cuteloli/.local/share/fnm/node-versions/v24.10.0/installation/lib/node_modules/npm/bin/npm-cli.js install --global=false --ignore-scripts --omit=dev --no-audit --no-fund --registry=https://registry.npmjs.org
npm warn Unknown env config "npm-globalconfig". This will stop working in the next major version of npm.
npm warn Unknown env config "verify-deps-before-run". This will stop working in the next major version of npm.
npm warn Unknown env config "_jsr-registry". This will stop working in the next major version of npm.
npm error code ERESOLVE
npm error ERESOLVE unable to resolve dependency tree
npm error
npm error While resolving: yarn@1.22.12
npm error Found: eslint-plugin-babel@5.3.1
npm error node_modules/eslint-plugin-babel
npm error   dev eslint-plugin-babel@"^5.0.0" from the root project
npm error
npm error Could not resolve dependency:
npm error peer eslint-plugin-babel@"^4.1.1" from eslint-config-fb-strict@22.4.3
npm error node_modules/eslint-config-fb-strict
npm error   dev eslint-config-fb-strict@"^22.0.0" from the root project
npm error
npm error Fix the upstream dependency conflict, or retry
npm error this command with --force or --legacy-peer-deps
npm error to accept an incorrect (and potentially broken) dependency resolution.
npm error
npm error
npm error For a full report see:
npm error /Users/cuteloli/Code/node-toolchain-infer/.cache/maintenance/npm-cache/_logs/2026-09-09T10_17_41_720Z-eresolve-report.txt
npm error A complete log of this run can be found in: /Users/cuteloli/Code/node-toolchain-infer/.cache/maintenance/npm-cache/_logs/2026-09-09T10_17_41_720Z-debug-0.log

    at genericNodeError (node:internal/errors:985:15)
    at wrappedFn (node:internal/errors:539:14)
    at ChildProcess.exithandler (node:child_process:417:12)
    at ChildProcess.emit (node:events:508:28)
    at maybeClose (node:internal/child_process:1101:16)
    at ChildProcess._handle.onexit (node:internal/child_process:305:5)

npm warn Unknown env config "npm-globalconfig". This will stop working in the next major version of npm.
npm warn Unknown env config "verify-deps-before-run". This will stop working in the next major version of npm.
npm warn Unknown env config "_jsr-registry". This will stop working in the next major version of npm.
npm error code ERESOLVE
npm error ERESOLVE unable to resolve dependency tree
npm error
npm error While resolving: yarn@1.22.12
npm error Found: eslint-plugin-babel@5.3.1
npm error node_modules/eslint-plugin-babel
npm error   dev eslint-plugin-babel@"^5.0.0" from the root project
npm error
npm error Could not resolve dependency:
npm error peer eslint-plugin-babel@"^4.1.1" from eslint-config-fb-strict@22.4.3
npm error node_modules/eslint-config-fb-strict
npm error   dev eslint-config-fb-strict@"^22.0.0" from the root project
npm error
npm error Fix the upstream dependency conflict, or retry
npm error this command with --force or --legacy-peer-deps
npm error to accept an incorrect (and potentially broken) dependency resolution.
npm error
npm error
npm error For a full report see:
npm error /Users/cuteloli/Code/node-toolchain-infer/.cache/maintenance/npm-cache/_logs/2026-09-09T10_17_41_720Z-eresolve-report.txt
npm error A complete log of this run can be found in: /Users/cuteloli/Code/node-toolchain-infer/.cache/maintenance/npm-cache/_logs/2026-09-09T10_17_41_720Z-debug-0.log
