/var/folders/dk/hdf0w6sx0dbfnxr2gy5dh1mw0000gn/T/toolchain-matrix-GcsqxT/tools/nodes/node-26.5.1-darwin-arm64-f4387df0b46556516d19abf2f2d6806481ac8368aa7f9d96bafed422a56a1d01/bin/node /var/folders/dk/hdf0w6sx0dbfnxr2gy5dh1mw0000gn/T/toolchain-matrix-GcsqxT/tools/yarn-4.18.0/node_modules/@yarnpkg/cli-dist/bin/yarn.js install --immutable
➤ YN0000: · Yarn 4.18.0
➤ YN0000: ┌ Resolution step
➤ YN0000: └ Completed
➤ YN0000: ┌ Fetch step
➤ YN0013: │ A package was added to the project (+ 10.17 KiB).
➤ YN0000: └ Completed in 0s 663ms
➤ YN0000: ┌ Link step
➤ YN0000: └ Completed
➤ YN0000: · Done in 0s 706ms

[PnP dependency verification] /var/folders/dk/hdf0w6sx0dbfnxr2gy5dh1mw0000gn/T/toolchain-matrix-GcsqxT/tools/nodes/node-26.5.1-darwin-arm64-f4387df0b46556516d19abf2f2d6806481ac8368aa7f9d96bafed422a56a1d01/bin/node --require /var/folders/dk/hdf0w6sx0dbfnxr2gy5dh1mw0000gn/T/toolchain-matrix-GcsqxT/project/.pnp.cjs --eval const out = {}; for (const name of JSON.parse(process.argv[1])) out[name] = require(name + "/package.json").version; console.log("NTI_DEPENDENCIES " + JSON.stringify(out)); ["is-number"]
NTI_DEPENDENCIES {"is-number":"7.0.0"}

[Contradictory manifest control]
{
  "name": "compatibility-fixture",
  "version": "1.0.0",
  "private": true,
  "dependencies": {
    "is-number": "6.0.0"
  }
}
Result: incompatible; logs/f7709155669978876bd023e3690eeb6946216c2a55bc92e416e474aec704f4ff-246a8687d6cd.log
