/opt/hostedtoolcache/node/24.21.0/x64/bin/node /tmp/toolchain-releases-07kZqR/tools/pnpm-11.28.5/node_modules/pnpm/bin/pnpm.mjs install --frozen-lockfile --ignore-scripts
[Fixture environment] {"npm_config_auto_install_peers":"true","npm_config_exclude_links_from_lockfile":"false"}
✓ Lockfile passes supply-chain policies (verified 362ms ago)
Lockfile is up to date, resolution step is skipped
Progress: resolved 1, reused 0, downloaded 0, added 0
Packages: +1
+
Packages are hard linked from the content-addressable store to the virtual store.
  Content-addressable store is at: /tmp/toolchain-releases-07kZqR/project/.pnpm-home/store/v11
  Virtual store is at:             node_modules/.pnpm
Progress: resolved 1, reused 0, downloaded 1, added 1, done

dependencies:
+ is-number 7.0.0

Done in 477ms using pnpm v11.28.5

[Contradictory manifest control]
{
  "name": "compatibility-fixture",
  "version": "1.0.0",
  "private": true,
  "dependencies": {
    "is-number": "6.0.0"
  }
}
Result: incompatible; logs/c55a8aaece6a5be65dbe1513cd8ff8587d1ddf2d40d16faa49b0d29d56b0182c-8a417fe1cf29.log
