/opt/hostedtoolcache/node/24.21.0/x64/bin/node /tmp/toolchain-releases-I0fk7I/tools/pnpm-11.28.2/node_modules/pnpm/bin/pnpm.mjs install --frozen-lockfile --ignore-scripts
[Fixture environment] {"npm_config_auto_install_peers":"true","npm_config_exclude_links_from_lockfile":"false"}
✓ Lockfile passes supply-chain policies (verified 539ms ago)
Lockfile is up to date, resolution step is skipped
Progress: resolved 1, reused 0, downloaded 0, added 0
Packages: +1
+
Packages are hard linked from the content-addressable store to the virtual store.
  Content-addressable store is at: /tmp/toolchain-releases-I0fk7I/project/.pnpm-home/store/v11
  Virtual store is at:             node_modules/.pnpm
Progress: resolved 1, reused 0, downloaded 1, added 1, done

dependencies:
+ is-number 7.0.0

Done in 662ms using pnpm v11.28.2

[Contradictory manifest control]
{
  "name": "compatibility-fixture",
  "version": "1.0.0",
  "private": true,
  "dependencies": {
    "is-number": "6.0.0"
  }
}
Result: incompatible; logs/b8dcf8ea4f61354b72a789d8318824f68064d8675d8afd4969f474426e82dd81-97002baf9d9f.log
