/tmp/toolchain-releases-Lw23p5/tools/pnpm-12.8.2/node_modules/pnpm/native-pnpm install --frozen-lockfile --ignore-scripts
[Fixture environment] {"npm_config_auto_install_peers":"true","npm_config_exclude_links_from_lockfile":"false"}
✓ Lockfile passes supply-chain policies (verified 57ms ago)
Lockfile is up to date, resolution step is skipped
Packages are hard linked from the content-addressable store to the virtual store.
  Content-addressable store is at: /tmp/toolchain-releases-Lw23p5/project/.pnpm-home/store/v11
  Virtual store is at:             node_modules/.pnpm
Packages: +1
+
Progress: resolved 1, reused 0, downloaded 1, added 1, done

dependencies:
+ is-number 7.0.0

Done in 105ms using pnpm v12.8.2

[Contradictory manifest control]
{
  "name": "compatibility-fixture",
  "version": "1.0.0",
  "private": true,
  "dependencies": {
    "is-number": "6.0.0"
  }
}
Result: incompatible; logs/9a164263ec174b85bc4457a67fc1ef9ab4df70f4ffbc6d025298adf11666dbdb-7fe7bc5a7b98.log
