/tmp/toolchain-releases-yHrYQt/tools/pnpm-12.9.1/node_modules/pnpm/native-pnpm install --frozen-lockfile --ignore-scripts
[Fixture environment] {"npm_config_auto_install_peers":"true","npm_config_exclude_links_from_lockfile":"false"}
✓ Lockfile passes supply-chain policies (verified 79ms ago)
Lockfile is up to date, resolution step is skipped
Packages are hard linked from the content-addressable store to the virtual store.
  Content-addressable store is at: /tmp/toolchain-releases-yHrYQt/project/.pnpm-home/store/v11
  Virtual store is at:             node_modules/.pnpm
Packages: +1
+
Progress: resolved 1, reused 0, downloaded 1, added 1, done

dependencies:
+ is-number 7.0.0

Done in 115ms using pnpm v12.9.1

[Contradictory manifest control]
{
  "name": "compatibility-fixture",
  "version": "1.0.0",
  "private": true,
  "dependencies": {
    "is-number": "6.0.0"
  }
}
Result: incompatible; logs/0f775c9fe3d8ff11f8c1820fb4530f74ec8393b1c754309fe8fd4584a6f02268-75ffe30d8488.log
