/tmp/toolchain-releases-dhS14b/tools/pnpm-12.10.1/node_modules/pnpm/native-pnpm install --frozen-lockfile --ignore-scripts
[Fixture environment] {"npm_config_auto_install_peers":"true","npm_config_exclude_links_from_lockfile":"false"}
✓ Lockfile passes supply-chain policies (verified 81ms ago)
Lockfile is up to date, resolution step is skipped
Packages are hard linked from the content-addressable store to the virtual store.
  Content-addressable store is at: /tmp/toolchain-releases-dhS14b/project/.pnpm-home/store/v11
  Virtual store is at:             node_modules/.pnpm
Packages: +1
+
Progress: resolved 1, reused 0, downloaded 1, added 1, done

dependencies:
+ is-number 7.0.0

Done in 110ms using pnpm v12.10.1

[Contradictory manifest control]
{
  "name": "compatibility-fixture",
  "version": "1.0.0",
  "private": true,
  "dependencies": {
    "is-number": "6.0.0"
  }
}
Result: incompatible; logs/dd01383cacde3c16c077a5a15940ba07969104e5a6dffc537efc8736f3d75ce8-72e8e8a68d0f.log
