/tmp/toolchain-releases-Zl8NIZ/tools/pnpm-12.7.0/node_modules/pnpm/native-pnpm install --frozen-lockfile --ignore-scripts
[Fixture environment] {"npm_config_auto_install_peers":"true","npm_config_exclude_links_from_lockfile":"false"}
✓ Lockfile passes supply-chain policies (verified 80ms ago)
Lockfile is up to date, resolution step is skipped
Packages are hard linked from the content-addressable store to the virtual store.
  Content-addressable store is at: /tmp/toolchain-releases-Zl8NIZ/project/.pnpm-home/store/v11
  Virtual store is at:             node_modules/.pnpm
Packages: +1
+
Progress: resolved 1, reused 0, downloaded 1, added 1, done

dependencies:
+ is-number 7.0.0

Done in 109ms using pnpm v12.7.0

[Contradictory manifest control]
{
  "name": "compatibility-fixture",
  "version": "1.0.0",
  "private": true,
  "dependencies": {
    "is-number": "6.0.0"
  }
}
Result: incompatible; logs/ab3de1f221ac0dbad08e3f37f680a96bc37f9a273ba223c58c68a254b2bdcbee-418e41e19cf6.log
