/opt/hostedtoolcache/node/24.21.0/x64/bin/node /tmp/toolchain-releases-OP9Tfp/tools/yarn-4.18.1/node_modules/@yarnpkg/cli-dist/bin/yarn.js install --immutable
[94m➤[39m YN0087: Migrated your project to the latest Yarn version 🚀

[94m➤[39m YN0000: · Yarn 4.18.1
[94m➤[39m [90mYN0000[39m: ┌ Resolution step
::group::Resolution step
::endgroup::
[94m➤[39m [90mYN0000[39m: └ Completed

[94m➤[39m [90mYN0000[39m: ┌ Post-resolution validation
::group::Post-resolution validation
[94m➤[39m [90mYN0000[39m: │ @@ -1,21 +1,21 @@
[94m➤[39m [90mYN0000[39m: │ [90m # This file is generated by running "yarn install" inside your project.[39m
[94m➤[39m [90mYN0000[39m: │ [90m # Manual changes might be lost - proceed with caution![39m
[94m➤[39m [90mYN0000[39m: │ [90m [39m
[94m➤[39m [90mYN0000[39m: │ [90m __metadata:[39m
[91m➤[39m YN0028: │ [38;5;160m-  version: 4[39m
[91m➤[39m YN0028: │ [38;5;160m-  cacheKey: 7[39m
[91m➤[39m YN0028: │ [38;5;70m+  version: 10[39m
[91m➤[39m YN0028: │ [38;5;70m+  cacheKey: 10[39m
[94m➤[39m [90mYN0000[39m: │ [90m [39m
[94m➤[39m [90mYN0000[39m: │ [90m "compatibility-fixture@workspace:.":[39m
[94m➤[39m [90mYN0000[39m: │ [90m   version: 0.0.0-use.local[39m
[94m➤[39m [90mYN0000[39m: │ [90m   resolution: "compatibility-fixture@workspace:."[39m
[94m➤[39m [90mYN0000[39m: │ [90m   dependencies:[39m
[91m➤[39m YN0028: │ [38;5;160m-    is-number: 7.0.0[39m
[91m➤[39m YN0028: │ [38;5;70m+    is-number: "npm:7.0.0"[39m
[94m➤[39m [90mYN0000[39m: │ [90m   languageName: unknown[39m
[94m➤[39m [90mYN0000[39m: │ [90m   linkType: soft[39m
[94m➤[39m [90mYN0000[39m: │ [90m [39m
[94m➤[39m [90mYN0000[39m: │ [90m "is-number@npm:7.0.0":[39m
[94m➤[39m [90mYN0000[39m: │ [90m   version: 7.0.0[39m
[94m➤[39m [90mYN0000[39m: │ [90m   resolution: "is-number@npm:7.0.0"[39m
[91m➤[39m YN0028: │ [38;5;160m-  checksum: eec6e506c6de472af4bdfd0cc477e8aeb76f0a7066c8680fcdfed5324ee31a7d2b59d22313007c58aa80eb937f0c40eefdceedb851997d46b490b49f87160369[39m
[91m➤[39m YN0028: │ [38;5;70m+  checksum: 7/eec6e506c6de472af4bdfd0cc477e8aeb76f0a7066c8680fcdfed5324ee31a7d2b59d22313007c58aa80eb937f0c40eefdceedb851997d46b490b49f87160369[39m
[94m➤[39m [90mYN0000[39m: │ [90m   languageName: node[39m
[94m➤[39m [90mYN0000[39m: │ [90m   linkType: hard[39m
[94m➤[39m [90mYN0000[39m: │ 
[91m➤[39m YN0028: │ The lockfile would have been modified by this install, which is explicitly forbidden.
::endgroup::
[91m➤[39m YN0028: [38;5;160m-  version: 4[39m
[91m➤[39m YN0028: [38;5;160m-  cacheKey: 7[39m
[91m➤[39m YN0028: [38;5;70m+  version: 10[39m
[91m➤[39m YN0028: [38;5;70m+  cacheKey: 10[39m
[91m➤[39m YN0028: [38;5;160m-    is-number: 7.0.0[39m
[91m➤[39m YN0028: [38;5;70m+    is-number: "npm:7.0.0"[39m
[91m➤[39m YN0028: [38;5;160m-  checksum: eec6e506c6de472af4bdfd0cc477e8aeb76f0a7066c8680fcdfed5324ee31a7d2b59d22313007c58aa80eb937f0c40eefdceedb851997d46b490b49f87160369[39m
[91m➤[39m YN0028: [38;5;70m+  checksum: 7/eec6e506c6de472af4bdfd0cc477e8aeb76f0a7066c8680fcdfed5324ee31a7d2b59d22313007c58aa80eb937f0c40eefdceedb851997d46b490b49f87160369[39m
[91m➤[39m YN0028: The lockfile would have been modified by this install, which is explicitly forbidden.
[94m➤[39m [90mYN0000[39m: └ Completed
[91m➤[39m YN0000: · Failed with errors in 0s 101ms
