/Users/cuteloli/Code/node-toolchain-infer/.cache/maintenance/nodes/node-5.0.0-darwin-x64-26f3e42df814b9b42f0b0045901c84eb79233d8196d0dcdf77a6a3c975c6f25d/bin/node /var/folders/dk/hdf0w6sx0dbfnxr2gy5dh1mw0000gn/T/toolchain-seed-MGRLsa/3/tools/npm-1.4.29/node_modules/npm/bin/npm-cli.js ci --ignore-scripts --no-audit --no-fund
npm WARN deprecated This version of npm lacks support for important features,
npm WARN deprecated such as scoped packages, offered by the primary npm
npm WARN deprecated registry. Consider upgrading to at least npm@2, if not the
npm WARN deprecated latest stable version. To upgrade to npm@2, run:
npm WARN deprecated 
npm WARN deprecated   npm -g install npm@latest-2
npm WARN deprecated 
npm WARN deprecated To upgrade to the latest stable version, run:
npm WARN deprecated 
npm WARN deprecated   npm -g install npm@latest
npm WARN deprecated 
npm WARN deprecated (Depending on how Node.js was installed on your system, you
npm WARN deprecated may need to prefix the preceding commands with `sudo`, or if
npm WARN deprecated on Windows, run them from an Administrator prompt.)
npm WARN deprecated 
npm WARN deprecated If you're running the version of npm bundled with
npm WARN deprecated Node.js 0.10 LTS, be aware that the next version of 0.10 LTS
npm WARN deprecated will be bundled with a version of npm@2, which has some small
npm WARN deprecated backwards-incompatible changes made to `npm run-script` and
npm WARN deprecated semver behavior.

Usage: npm <command>

where <command> is one of:
    add-user, adduser, apihelp, author, bin, bugs, c, cache,
    completion, config, ddp, dedupe, deprecate, docs, edit,
    explore, faq, find, find-dupes, get, help, help-search,
    home, i, info, init, install, isntall, issues, la, link,
    list, ll, ln, login, ls, outdated, owner, pack, prefix,
    prune, publish, r, rb, rebuild, remove, repo, restart, rm,
    root, run-script, s, se, search, set, show, shrinkwrap,
    star, stars, start, stop, submodule, t, tag, test, tst, un,
    uninstall, unlink, unpublish, unstar, up, update, v,
    version, view, whoami

npm <cmd> -h     quick help on <cmd>
npm -l           display full usage info
npm faq          commonly asked questions
npm help <term>  search for help on <term>
npm help npm     involved overview

Specify configs in the ini-formatted file:
    /var/folders/dk/hdf0w6sx0dbfnxr2gy5dh1mw0000gn/T/toolchain-seed-MGRLsa/3/project/.npm-userconfig
or on the command line via: npm <command> --key value
Config info can be viewed via: npm help config

npm@1.4.29 /private/var/folders/dk/hdf0w6sx0dbfnxr2gy5dh1mw0000gn/T/toolchain-seed-MGRLsa/3/tools/npm-1.4.29/node_modules/npm
