/Users/cuteloli/Code/node-toolchain-infer/.cache/maintenance/nodes/node-0.11.14-darwin-x64-074669d2f3d8419496076c55c2743389538996a90e87277ea5bf032f885877ad/bin/node /var/folders/dk/hdf0w6sx0dbfnxr2gy5dh1mw0000gn/T/toolchain-seed-7iEB2A/9/tools/npm-2.1.14/bin/npm-cli.js ci --ignore-scripts --no-audit --no-fund

Usage: npm <command>

where <command> is one of:
    add-user, adduser, apihelp, author, bin, bugs, c, cache,
    completion, config, ddp, dedupe, deprecate, docs, edit,
    explore, faq, find, find-dupes, get, help, help-search,
    home, i, info, init, install, issues, la, link, list, ll,
    ln, login, ls, outdated, owner, pack, prefix, prune,
    publish, r, rb, rebuild, remove, repo, restart, rm, root,
    run-script, s, se, search, set, show, shrinkwrap, star,
    stars, start, stop, t, tag, test, tst, un, uninstall,
    unlink, unpublish, unstar, up, update, v, verison, version,
    view, whoami

npm <cmd> -h     quick help on <cmd>
npm -l           display full usage info
npm faq          commonly asked questions
npm help <term>  search for help on <term>
npm help npm     involved overview

Specify configs in the ini-formatted file:
    /var/folders/dk/hdf0w6sx0dbfnxr2gy5dh1mw0000gn/T/toolchain-seed-7iEB2A/9/project/.npm-userconfig
or on the command line via: npm <command> --key value
Config info can be viewed via: npm help config

npm@2.1.14 /private/var/folders/dk/hdf0w6sx0dbfnxr2gy5dh1mw0000gn/T/toolchain-seed-7iEB2A/9/tools/npm-2.1.14
