/var/folders/dk/hdf0w6sx0dbfnxr2gy5dh1mw0000gn/T/toolchain-seed-MGRLsa/4/tools/pnpm-12.0.0-alpha.0/node_modules/pnpm/native-pnpm install --frozen-lockfile --ignore-scripts
Error: pacquet_lockfile::parse_yaml

  × installing dependencies
  ├─▶ Failed to parse lockfile content as YAML: error: line 3 column 18: Dot
  │   is missing
  │    --> <input>:3:18
  │     |
  │   1 | dependencies:
  │   2 |   is-number: 7.0.0
  │   3 | lockfileVersion: 5
  │     |                  ^ Dot is missing
  │   4 | packages:
  │   5 |   /is-number/7.0.0:
  │     |
  ├─▶ Failed to parse lockfile content as YAML: error: line 3 column 18: Dot
  │   is missing
  │    --> <input>:3:18
  │     |
  │   1 | dependencies:
  │   2 |   is-number: 7.0.0
  │   3 | lockfileVersion: 5
  │     |                  ^ Dot is missing
  │   4 | packages:
  │   5 |   /is-number/7.0.0:
  │     |
  ╰─▶ error: line 3 column 18: Dot is missing
       --> <input>:3:18
        |
      1 | dependencies:
      2 |   is-number: 7.0.0
      3 | lockfileVersion: 5
        |                  ^ Dot is missing
      4 | packages:
      5 |   /is-number/7.0.0:
        |

