/Users/cuteloli/.local/share/fnm/node-versions/v24.10.0/installation/bin/node /var/folders/dk/hdf0w6sx0dbfnxr2gy5dh1mw0000gn/T/toolchain-seed-gle401/8/tools/pnpm-5.4.0/node_modules/pnpm/bin/pnpm.js install --frozen-lockfile --ignore-scripts
Lockfile is up-to-date, resolution step is skipped
Resolving: total 1, reused 0, downloaded 0
Resolving: total 1, reused 0, downloaded 0
Packages: +1
+
Resolving: total 1, reused 0, downloaded 1, done

dependencies:
+ is-number 7.0.0


[Contradictory manifest control]
{
  "name": "compatibility-fixture",
  "version": "1.0.0",
  "private": true,
  "dependencies": {
    "is-number": "6.0.0"
  }
}
Result: inconclusive; logs/3a0fc1ff35b02b8bc4924cd8b9dc8dd55ebfdf089411c31422d8a3e485d018cb-32a9db32d680.log
Frozen enforcement was not established: the control must reject the changed manifest or retain the original locked versions without changing files.
