/Users/cuteloli/Code/node-toolchain-infer/.cache/maintenance/nodes/node-11.11.0-darwin-x64-6b7c8d93096bf065de0d0a42e8f027c424172c82df6f015d3149a5dbfa03c1cc/bin/node /var/folders/dk/hdf0w6sx0dbfnxr2gy5dh1mw0000gn/T/toolchain-seed-AbpthK/1/tools/pnpm-3.0.0-beta.1/node_modules/pnpm/bin/pnpm.js install --frozen-lockfile --ignore-scripts
 WARN  waiting for the store at "/Users/cuteloli/.pnpm-store/2" to be unlocked...
Performing headless installation
Resolving: total 1, reused 0, downloaded 0
Resolving: total 1, reused 0, downloaded 0
Packages: +1
+
Resolving: total 1, reused 1, downloaded 0, done

dependencies:
+ is-number 7.0.0


[Contradictory manifest control]
{
  "name": "compatibility-fixture",
  "version": "1.0.0",
  "private": true,
  "dependencies": {
    "is-number": "6.0.0"
  }
}
Result: incompatible; logs/2053922bc147e6c3ec428c2ece554720a4d1a7e51315c238554668ac7e18da62-d1ed3cb45dfd.log
