/Users/cuteloli/.local/share/fnm/node-versions/v24.10.0/installation/bin/node /var/folders/dk/hdf0w6sx0dbfnxr2gy5dh1mw0000gn/T/toolchain-seed-MGRLsa/11/tools/npm-4.6.0/node_modules/npm/bin/npm-cli.js ci --ignore-scripts --no-audit --no-fund

Usage: npm <command>

where <command> is one of:
    access, adduser, bin, bugs, c, cache, completion, config,
    ddp, dedupe, deprecate, dist-tag, docs, doctor, edit,
    explore, get, help, help-search, i, init, install,
    install-test, it, link, list, ln, login, logout, ls,
    outdated, owner, pack, ping, prefix, prune, publish, rb,
    rebuild, repo, restart, root, run, run-script, s, se,
    search, set, shrinkwrap, star, stars, start, stop, t, team,
    test, tst, un, uninstall, unpublish, unstar, up, update, v,
    version, view, whoami

npm <command> -h     quick help on <command>
npm -l           display full usage info
npm help <term>  search for help on <term>
npm help npm     involved overview

Specify configs in the ini-formatted file:
    /var/folders/dk/hdf0w6sx0dbfnxr2gy5dh1mw0000gn/T/toolchain-seed-MGRLsa/11/project/.npm-userconfig
or on the command line via: npm <command> --key value
Config info can be viewed via: npm help config

npm@4.6.0 /private/var/folders/dk/hdf0w6sx0dbfnxr2gy5dh1mw0000gn/T/toolchain-seed-MGRLsa/11/tools/npm-4.6.0/node_modules/npm
