/Users/cuteloli/.local/share/fnm/node-versions/v24.10.0/installation/bin/node /var/folders/dk/hdf0w6sx0dbfnxr2gy5dh1mw0000gn/T/toolchain-seed-Elra7r/4/tools/pnpm-8.4.0/node_modules/pnpm/bin/pnpm.cjs install --frozen-lockfile --ignore-scripts
Lockfile is up to date, resolution step is skipped
Progress: resolved 1, reused 0, downloaded 0, added 0
Packages: +1
+
Packages are hard linked from the content-addressable store to the virtual store.
  Content-addressable store is at: /var/folders/dk/hdf0w6sx0dbfnxr2gy5dh1mw0000gn/T/toolchain-seed-Elra7r/4/project/.pnpm-store/v3
  Virtual store is at:             node_modules/.pnpm

dependencies:
+ is-number 7.0.0

Done in 563ms
Progress: resolved 1, reused 0, downloaded 1, added 1, done

[Contradictory manifest control]
{
  "name": "compatibility-fixture",
  "version": "1.0.0",
  "private": true,
  "dependencies": {
    "is-number": "6.0.0"
  }
}
Result: incompatible; logs/d735d44b0fff28828e6294fb896ca749282bd9441fae49bc6643e87f550dd321-fba29af9448c.log
