/Users/cuteloli/Code/node-toolchain-infer/.cache/maintenance/nodes/node-11.6.0-darwin-x64-c880063b112c48130dba8f7b058de61959ae46fddcfa363715571b22c1cbeb26/bin/node /var/folders/dk/hdf0w6sx0dbfnxr2gy5dh1mw0000gn/T/toolchain-seed-Bkiftr/11/tools/pnpm-2.24.2/node_modules/pnpm/bin/pnpm.js install --frozen-shrinkwrap --ignore-scripts
Scope: current workspace package
Performing headless installation
Resolving: total 1, reused 0, downloaded 0
Resolving: total 1, reused 0, downloaded 0
Packages: +1
+
Resolving: total 1, reused 1, downloaded 0, done

dependencies:
+ is-number 7.0.0


[Contradictory manifest control]
{
  "name": "compatibility-fixture",
  "version": "1.0.0",
  "private": true,
  "dependencies": {
    "is-number": "6.0.0"
  }
}
Result: incompatible; logs/e8542dab23715a0c72068e1d28cc15215c14eb75eeee05a50e3d4f8aed408d9f-834e71bbeacd.log
