/Users/cuteloli/.local/share/fnm/node-versions/v24.10.0/installation/bin/node /var/folders/dk/hdf0w6sx0dbfnxr2gy5dh1mw0000gn/T/toolchain-seed-7iEB2A/4/tools/npm-5.6.0/bin/npm-cli.js ci --ignore-scripts --no-audit --no-fund
npm WARN npm npm does not support Node.js v24.10.0
npm WARN npm You should probably upgrade to a newer version of node as we
npm WARN npm can't make any promises that npm will work with this version.
npm WARN npm Supported releases of Node.js are the latest release of 4, 6, 7, 8, 9.
npm WARN npm You can find the latest version at https://nodejs.org/

Usage: npm <command>

where <command> is one of:
    access, adduser, bin, bugs, c, cache, completion, config,
    ddp, dedupe, deprecate, dist-tag, docs, doctor, edit,
    explore, get, help, help-search, i, init, install,
    install-test, it, link, list, ln, login, logout, ls,
    outdated, owner, pack, ping, prefix, profile, prune,
    publish, rb, rebuild, repo, restart, root, run, run-script,
    s, se, search, set, shrinkwrap, star, stars, start, stop, t,
    team, test, token, tst, un, uninstall, unpublish, unstar,
    up, update, v, version, view, whoami

npm <command> -h     quick help on <command>
npm -l           display full usage info
npm help <term>  search for help on <term>
npm help npm     involved overview

Specify configs in the ini-formatted file:
    /var/folders/dk/hdf0w6sx0dbfnxr2gy5dh1mw0000gn/T/toolchain-seed-7iEB2A/4/project/.npm-userconfig
or on the command line via: npm <command> --key value
Config info can be viewed via: npm help config

npm@5.6.0 /private/var/folders/dk/hdf0w6sx0dbfnxr2gy5dh1mw0000gn/T/toolchain-seed-7iEB2A/4/tools/npm-5.6.0

Did you mean one of these?
    c
    i
