/Users/cuteloli/Code/node-toolchain-infer/.cache/maintenance/nodes/node-17.6.0-darwin-arm64-801ec54f30e43c0513aa390b0a5e67afd2287c3bd81861afa744df6e7e8c109f/bin/node /var/folders/dk/hdf0w6sx0dbfnxr2gy5dh1mw0000gn/T/toolchain-seed-AbpthK/2/tools/pnpm-6.32.1/node_modules/pnpm/bin/pnpm.cjs install --frozen-lockfile --ignore-scripts
Lockfile is up-to-date, resolution step is skipped
Progress: resolved 1, reused 0, downloaded 0, added 0
Packages: +1
+
Packages are hard linked from the content-addressable store to the virtual store.
  Content-addressable store is at: /var/folders/dk/hdf0w6sx0dbfnxr2gy5dh1mw0000gn/T/toolchain-seed-AbpthK/2/project/.pnpm-store/v3
  Virtual store is at:             node_modules/.pnpm

dependencies:
+ is-number 7.0.0

Progress: resolved 1, reused 0, downloaded 1, added 1, done

[Contradictory manifest control]
{
  "name": "compatibility-fixture",
  "version": "1.0.0",
  "private": true,
  "dependencies": {
    "is-number": "6.0.0"
  }
}
Result: incompatible; logs/18fea26b2c2470c96461951f0699eabfd7a4ef4a7ea337edd128c0d23c0b22b0-817bf838be19.log
