/Users/cuteloli/.local/share/fnm/node-versions/v24.10.0/installation/bin/node /var/folders/dk/hdf0w6sx0dbfnxr2gy5dh1mw0000gn/T/toolchain-seed-Elra7r/10/tools/npm-11.18.0/node_modules/npm/bin/npm-cli.js ci --ignore-scripts --no-audit --no-fund
npm warn Unknown env config "npm-globalconfig". This will stop working in the next major version of npm. See `npm help npmrc` for supported config options.
npm warn Unknown env config "verify-deps-before-run". This will stop working in the next major version of npm. See `npm help npmrc` for supported config options.
npm warn Unknown env config "_jsr-registry". This will stop working in the next major version of npm. See `npm help npmrc` for supported config options.
npm warn Unknown env config "store-dir". This will stop working in the next major version of npm. See `npm help npmrc` for supported config options.
npm warn old lockfile
npm warn old lockfile The npm-shrinkwrap.json file was created with an old version of npm,
npm warn old lockfile so supplemental metadata must be fetched from the registry.
npm warn old lockfile
npm warn old lockfile This is a one-time fix-up, please be patient...
npm warn old lockfile
npm error code EUSAGE
npm error
npm error `npm ci` can only install packages when your package.json and package-lock.json or npm-shrinkwrap.json are in sync. Please update your lock file with `npm install` before continuing.
npm error
npm error Invalid: lock file's is-number@7.0.0 does not satisfy is-number@6.0.0
npm error
npm error Clean install a project
npm error
npm error Usage:
npm error npm ci
npm error
npm error Options:
npm error [--install-strategy <hoisted|nested|shallow|linked>] [--legacy-bundling]
npm error [--global-style] [--omit <dev|optional|peer> [--omit <dev|optional|peer> ...]]
npm error [--include <prod|dev|optional|peer> [--include <prod|dev|optional|peer> ...]]
npm error [--strict-peer-deps] [--foreground-scripts] [--ignore-scripts]
npm error [--allow-directory <all|none|root>] [--allow-file <all|none|root>]
npm error [--allow-git <all|none|root>] [--allow-remote <all|none|root>]
npm error [--allow-scripts <package-list> [--allow-scripts <package-list> ...]]
npm error [--strict-allow-scripts] [--dangerously-allow-all-scripts] [--no-audit]
npm error [--no-bin-links] [--no-fund] [--dry-run]
npm error [-w|--workspace <workspace-name> [-w|--workspace <workspace-name> ...]]
npm error [--workspaces] [--include-workspace-root] [--install-links]
npm error
npm error   --install-strategy
npm error     Sets the strategy for installing packages in node_modules.
npm error
npm error   --legacy-bundling
npm error     Instead of hoisting package installs in `node_modules`, install packages
npm error
npm error   --global-style
npm error     Only install direct dependencies in the top level `node_modules`,
npm error
npm error   --omit
npm error     Dependency types to omit from the installation tree on disk.
npm error
npm error   --include
npm error     Option that allows for defining which types of dependencies to install.
npm error
npm error   --strict-peer-deps
npm error     If set to `true`, and `--legacy-peer-deps` is not set, then _any_
npm error
npm error   --foreground-scripts
npm error     Run all build scripts (ie, `preinstall`, `install`, and
npm error
npm error   --ignore-scripts
npm error     If true, npm does not run scripts specified in package.json files.
npm error
npm error   --allow-directory
npm error     Limits the ability for npm to install dependencies from directories.
npm error
npm error   --allow-file
npm error     Limits the ability for npm to install dependencies from tarball files.
npm error
npm error   --allow-git
npm error     Limits the ability for npm to fetch dependencies from git references.
npm error
npm error   --allow-remote
npm error     Limits the ability for npm to fetch dependencies from urls.
npm error
npm error   --allow-scripts
npm error     Comma-separated list of packages whose install-time lifecycle scripts
npm error
npm error   --strict-allow-scripts
npm error     If `true`, turn the install-script policy from a warning into a hard
npm error
npm error   --dangerously-allow-all-scripts
npm error     If `true`, bypass the `allowScripts` policy entirely and run every
npm error
npm error   --audit
npm error     When "true" submit audit reports alongside the current npm command to the
npm error
npm error   --bin-links
npm error     Tells npm to create symlinks (or `.cmd` shims on Windows) for package
npm error
npm error   --fund
npm error     When "true" displays the message at the end of each `npm install`
npm error
npm error   --dry-run
npm error     Indicates that you don't want npm to make any changes and that it should
npm error
npm error   -w|--workspace
npm error     Enable running a command in the context of the configured workspaces of the
npm error
npm error   --workspaces
npm error     Set to true to run the command in the context of **all** configured
npm error
npm error   --include-workspace-root
npm error     Include the workspace root when workspaces are enabled for a command.
npm error
npm error   --install-links
npm error     When set file: protocol dependencies will be packed and installed as
npm error
npm error
npm error aliases: clean-install, ic, install-clean, isntall-clean
npm error
npm error Run "npm help ci" for more info
npm error A complete log of this run can be found in: /var/folders/dk/hdf0w6sx0dbfnxr2gy5dh1mw0000gn/T/toolchain-seed-Elra7r/10/project-control-project/.npm-cache/_logs/2026-09-09T10_30_56_582Z-debug-0.log

[npm debug: 2026-09-09T10_30_56_582Z-debug-0.log]
0 verbose cli /Users/cuteloli/.local/share/fnm/node-versions/v24.10.0/installation/bin/node /var/folders/dk/hdf0w6sx0dbfnxr2gy5dh1mw0000gn/T/toolchain-seed-Elra7r/10/tools/npm-11.18.0/node_modules/npm/bin/npm-cli.js
1 info using npm@11.18.0
2 info using node@v24.10.0
3 silly config load:file:/private/var/folders/dk/hdf0w6sx0dbfnxr2gy5dh1mw0000gn/T/toolchain-seed-Elra7r/10/tools/npm-11.18.0/node_modules/npm/npmrc
4 silly config load:file:/private/var/folders/dk/hdf0w6sx0dbfnxr2gy5dh1mw0000gn/T/toolchain-seed-Elra7r/10/project-control-project/.npmrc
5 silly config load:file:/var/folders/dk/hdf0w6sx0dbfnxr2gy5dh1mw0000gn/T/toolchain-seed-Elra7r/10/project-control-project/.npm-userconfig
6 silly config load:file:/var/folders/dk/hdf0w6sx0dbfnxr2gy5dh1mw0000gn/T/toolchain-seed-Elra7r/10/project-control-project/.npm-globalconfig
7 verbose title npm ci
8 verbose argv "ci" "--ignore-scripts" "--no-audit" "--no-fund"
9 verbose logfile logs-max:10 dir:/var/folders/dk/hdf0w6sx0dbfnxr2gy5dh1mw0000gn/T/toolchain-seed-Elra7r/10/project-control-project/.npm-cache/_logs/2026-09-09T10_30_56_582Z-
10 verbose logfile /var/folders/dk/hdf0w6sx0dbfnxr2gy5dh1mw0000gn/T/toolchain-seed-Elra7r/10/project-control-project/.npm-cache/_logs/2026-09-09T10_30_56_582Z-debug-0.log
11 warn Unknown env config "npm-globalconfig". This will stop working in the next major version of npm. See `npm help npmrc` for supported config options.
12 warn Unknown env config "verify-deps-before-run". This will stop working in the next major version of npm. See `npm help npmrc` for supported config options.
13 warn Unknown env config "_jsr-registry". This will stop working in the next major version of npm. See `npm help npmrc` for supported config options.
14 warn Unknown env config "store-dir". This will stop working in the next major version of npm. See `npm help npmrc` for supported config options.
15 silly logfile done cleaning log files
16 silly packumentCache heap:4496293888 maxSize:1124073472 maxEntrySize:562036736
17 silly packumentCache heap:4496293888 maxSize:1124073472 maxEntrySize:562036736
18 warn old lockfile
18 warn old lockfile The npm-shrinkwrap.json file was created with an old version of npm,
18 warn old lockfile so supplemental metadata must be fetched from the registry.
18 warn old lockfile
18 warn old lockfile This is a one-time fix-up, please be patient...
18 warn old lockfile
19 silly inflate node_modules/is-number
20 silly packumentCache corgi:https://registry.npmjs.org/is-number cache-miss
21 http fetch GET 200 https://registry.npmjs.org/is-number 364ms (cache miss)
22 silly packumentCache corgi:https://registry.npmjs.org/is-number set size:undefined disposed:false
23 silly idealTree buildDeps
24 silly fetch manifest is-number@6.0.0
25 silly packumentCache full:https://registry.npmjs.org/is-number cache-miss
26 http fetch GET 200 https://registry.npmjs.org/is-number 50ms (cache miss)
27 silly packumentCache full:https://registry.npmjs.org/is-number set size:undefined disposed:false
28 silly placeDep ROOT is-number@6.0.0 REPLACE for: compatibility-fixture@1.0.0 want: 6.0.0
29 verbose stack Error: 
29 verbose stack `npm ci` can only install packages when your package.json and package-lock.json or npm-shrinkwrap.json are in sync. Please update your lock file with `npm install` before continuing.
29 verbose stack
29 verbose stack Invalid: lock file's is-number@7.0.0 does not satisfy is-number@6.0.0
29 verbose stack
29 verbose stack Clean install a project
29 verbose stack
29 verbose stack Usage:
29 verbose stack npm ci
29 verbose stack
29 verbose stack Options:
29 verbose stack [--install-strategy <hoisted|nested|shallow|linked>] [--legacy-bundling]
29 verbose stack [--global-style] [--omit <dev|optional|peer> [--omit <dev|optional|peer> ...]]
29 verbose stack [--include <prod|dev|optional|peer> [--include <prod|dev|optional|peer> ...]]
29 verbose stack [--strict-peer-deps] [--foreground-scripts] [--ignore-scripts]
29 verbose stack [--allow-directory <all|none|root>] [--allow-file <all|none|root>]
29 verbose stack [--allow-git <all|none|root>] [--allow-remote <all|none|root>]
29 verbose stack [--allow-scripts <package-list> [--allow-scripts <package-list> ...]]
29 verbose stack [--strict-allow-scripts] [--dangerously-allow-all-scripts] [--no-audit]
29 verbose stack [--no-bin-links] [--no-fund] [--dry-run]
29 verbose stack [-w|--workspace <workspace-name> [-w|--workspace <workspace-name> ...]]
29 verbose stack [--workspaces] [--include-workspace-root] [--install-links]
29 verbose stack
29 verbose stack   --install-strategy
29 verbose stack     Sets the strategy for installing packages in node_modules.
29 verbose stack
29 verbose stack   --legacy-bundling
29 verbose stack     Instead of hoisting package installs in `node_modules`, install packages
29 verbose stack
29 verbose stack   --global-style
29 verbose stack     Only install direct dependencies in the top level `node_modules`,
29 verbose stack
29 verbose stack   --omit
29 verbose stack     Dependency types to omit from the installation tree on disk.
29 verbose stack
29 verbose stack   --include
29 verbose stack     Option that allows for defining which types of dependencies to install.
29 verbose stack
29 verbose stack   --strict-peer-deps
29 verbose stack     If set to `true`, and `--legacy-peer-deps` is not set, then _any_
29 verbose stack
29 verbose stack   --foreground-scripts
29 verbose stack     Run all build scripts (ie, `preinstall`, `install`, and
29 verbose stack
29 verbose stack   --ignore-scripts
29 verbose stack     If true, npm does not run scripts specified in package.json files.
29 verbose stack
29 verbose stack   --allow-directory
29 verbose stack     Limits the ability for npm to install dependencies from directories.
29 verbose stack
29 verbose stack   --allow-file
29 verbose stack     Limits the ability for npm to install dependencies from tarball files.
29 verbose stack
29 verbose stack   --allow-git
29 verbose stack     Limits the ability for npm to fetch dependencies from git references.
29 verbose stack
29 verbose stack   --allow-remote
29 verbose stack     Limits the ability for npm to fetch dependencies from urls.
29 verbose stack
29 verbose stack   --allow-scripts
29 verbose stack     Comma-separated list of packages whose install-time lifecycle scripts
29 verbose stack
29 verbose stack   --strict-allow-scripts
29 verbose stack     If `true`, turn the install-script policy from a warning into a hard
29 verbose stack
29 verbose stack   --dangerously-allow-all-scripts
29 verbose stack     If `true`, bypass the `allowScripts` policy entirely and run every
29 verbose stack
29 verbose stack   --audit
29 verbose stack     When "true" submit audit reports alongside the current npm command to the
29 verbose stack
29 verbose stack   --bin-links
29 verbose stack     Tells npm to create symlinks (or `.cmd` shims on Windows) for package
29 verbose stack
29 verbose stack   --fund
29 verbose stack     When "true" displays the message at the end of each `npm install`
29 verbose stack
29 verbose stack   --dry-run
29 verbose stack     Indicates that you don't want npm to make any changes and that it should
29 verbose stack
29 verbose stack   -w|--workspace
29 verbose stack     Enable running a command in the context of the configured workspaces of the
29 verbose stack
29 verbose stack   --workspaces
29 verbose stack     Set to true to run the command in the context of **all** configured
29 verbose stack
29 verbose stack   --include-workspace-root
29 verbose stack     Include the workspace root when workspaces are enabled for a command.
29 verbose stack
29 verbose stack   --install-links
29 verbose stack     When set file: protocol dependencies will be packed and installed as
29 verbose stack
29 verbose stack
29 verbose stack aliases: clean-install, ic, install-clean, isntall-clean
29 verbose stack
29 verbose stack Run "npm help ci" for more info
29 verbose stack     at CI.usageError (/private/var/folders/dk/hdf0w6sx0dbfnxr2gy5dh1mw0000gn/T/toolchain-seed-Elra7r/10/tools/npm-11.18.0/node_modules/npm/lib/base-cmd.js:179:26)
29 verbose stack     at CI.exec (/private/var/folders/dk/hdf0w6sx0dbfnxr2gy5dh1mw0000gn/T/toolchain-seed-Elra7r/10/tools/npm-11.18.0/node_modules/npm/lib/commands/ci.js:84:18)
29 verbose stack     at async Npm.exec (/private/var/folders/dk/hdf0w6sx0dbfnxr2gy5dh1mw0000gn/T/toolchain-seed-Elra7r/10/tools/npm-11.18.0/node_modules/npm/lib/npm.js:193:9)
29 verbose stack     at async module.exports (/private/var/folders/dk/hdf0w6sx0dbfnxr2gy5dh1mw0000gn/T/toolchain-seed-Elra7r/10/tools/npm-11.18.0/node_modules/npm/lib/cli/entry.js:67:5)
30 error code EUSAGE
31 error
31 error `npm ci` can only install packages when your package.json and package-lock.json or npm-shrinkwrap.json are in sync. Please update your lock file with `npm install` before continuing.
31 error
31 error Invalid: lock file's is-number@7.0.0 does not satisfy is-number@6.0.0
31 error
31 error Clean install a project
31 error
31 error Usage:
31 error npm ci
31 error
31 error Options:
31 error [--install-strategy <hoisted|nested|shallow|linked>] [--legacy-bundling]
31 error [--global-style] [--omit <dev|optional|peer> [--omit <dev|optional|peer> ...]]
31 error [--include <prod|dev|optional|peer> [--include <prod|dev|optional|peer> ...]]
31 error [--strict-peer-deps] [--foreground-scripts] [--ignore-scripts]
31 error [--allow-directory <all|none|root>] [--allow-file <all|none|root>]
31 error [--allow-git <all|none|root>] [--allow-remote <all|none|root>]
31 error [--allow-scripts <package-list> [--allow-scripts <package-list> ...]]
31 error [--strict-allow-scripts] [--dangerously-allow-all-scripts] [--no-audit]
31 error [--no-bin-links] [--no-fund] [--dry-run]
31 error [-w|--workspace <workspace-name> [-w|--workspace <workspace-name> ...]]
31 error [--workspaces] [--include-workspace-root] [--install-links]
31 error
31 error   --install-strategy
31 error     Sets the strategy for installing packages in node_modules.
31 error
31 error   --legacy-bundling
31 error     Instead of hoisting package installs in `node_modules`, install packages
31 error
31 error   --global-style
31 error     Only install direct dependencies in the top level `node_modules`,
31 error
31 error   --omit
31 error     Dependency types to omit from the installation tree on disk.
31 error
31 error   --include
31 error     Option that allows for defining which types of dependencies to install.
31 error
31 error   --strict-peer-deps
31 error     If set to `true`, and `--legacy-peer-deps` is not set, then _any_
31 error
31 error   --foreground-scripts
31 error     Run all build scripts (ie, `preinstall`, `install`, and
31 error
31 error   --ignore-scripts
31 error     If true, npm does not run scripts specified in package.json files.
31 error
31 error   --allow-directory
31 error     Limits the ability for npm to install dependencies from directories.
31 error
31 error   --allow-file
31 error     Limits the ability for npm to install dependencies from tarball files.
31 error
31 error   --allow-git
31 error     Limits the ability for npm to fetch dependencies from git references.
31 error
31 error   --allow-remote
31 error     Limits the ability for npm to fetch dependencies from urls.
31 error
31 error   --allow-scripts
31 error     Comma-separated list of packages whose install-time lifecycle scripts
31 error
31 error   --strict-allow-scripts
31 error     If `true`, turn the install-script policy from a warning into a hard
31 error
31 error   --dangerously-allow-all-scripts
31 error     If `true`, bypass the `allowScripts` policy entirely and run every
31 error
31 error   --audit
31 error     When "true" submit audit reports alongside the current npm command to the
31 error
31 error   --bin-links
31 error     Tells npm to create symlinks (or `.cmd` shims on Windows) for package
31 error
31 error   --fund
31 error     When "true" displays the message at the end of each `npm install`
31 error
31 error   --dry-run
31 error     Indicates that you don't want npm to make any changes and that it should
31 error
31 error   -w|--workspace
31 error     Enable running a command in the context of the configured workspaces of the
31 error
31 error   --workspaces
31 error     Set to true to run the command in the context of **all** configured
31 error
31 error   --include-workspace-root
31 error     Include the workspace root when workspaces are enabled for a command.
31 error
31 error   --install-links
31 error     When set file: protocol dependencies will be packed and installed as
31 error
31 error
31 error aliases: clean-install, ic, install-clean, isntall-clean
31 error
31 error Run "npm help ci" for more info
32 verbose cwd /private/var/folders/dk/hdf0w6sx0dbfnxr2gy5dh1mw0000gn/T/toolchain-seed-Elra7r/10/project-control-project
33 verbose os Darwin 25.6.0
34 verbose node v24.10.0
35 verbose npm  v11.18.0
36 verbose exit 1
37 verbose code 1
38 error A complete log of this run can be found in: /var/folders/dk/hdf0w6sx0dbfnxr2gy5dh1mw0000gn/T/toolchain-seed-Elra7r/10/project-control-project/.npm-cache/_logs/2026-09-09T10_30_56_582Z-debug-0.log
