/Users/cuteloli/.local/share/fnm/node-versions/v24.10.0/installation/bin/node /var/folders/dk/hdf0w6sx0dbfnxr2gy5dh1mw0000gn/T/toolchain-seed-7iEB2A/12/tools/yarn-4.2.2/bin/yarn.js install --immutable
➤ YN0087: Migrated your project to the latest Yarn version 🚀

➤ YN0000: · Yarn 4.2.2
➤ YN0000: ┌ Resolution step
➤ YN0000: └ Completed in 0s 207ms

➤ YN0000: ┌ Post-resolution validation
➤ YN0000: │ @@ -1,10 +1,10 @@
➤ YN0000: │  # This file is generated by running "yarn install" inside your project.
➤ YN0000: │  # Manual changes might be lost - proceed with caution!
➤ YN0000: │  
➤ YN0000: │  __metadata:
➤ YN0028: │ -  version: 7
➤ YN0028: │ -  cacheKey: 9
➤ YN0028: │ +  version: 8
➤ YN0028: │ +  cacheKey: 10
➤ YN0000: │  
➤ YN0000: │  "compatibility-fixture@workspace:.":
➤ YN0000: │    version: 0.0.0-use.local
➤ YN0000: │    resolution: "compatibility-fixture@workspace:."
➤ YN0000: │ @@ -15,7 +15,7 @@
➤ YN0000: │  
➤ YN0000: │  "is-number@npm:7.0.0":
➤ YN0000: │    version: 7.0.0
➤ YN0000: │    resolution: "is-number@npm:7.0.0"
➤ YN0028: │ -  checksum: 748df55ae14cc960b090a7611932940df9fa703b7e0fb4f73943b4eb94c4b5391f27ba3881fab8f5bf7a2f097490e812db0d58d05c92154e70fdf14f93d6fa95
➤ YN0028: │ +  checksum: 9/748df55ae14cc960b090a7611932940df9fa703b7e0fb4f73943b4eb94c4b5391f27ba3881fab8f5bf7a2f097490e812db0d58d05c92154e70fdf14f93d6fa95
➤ YN0000: │    languageName: node
➤ YN0000: │    linkType: hard
➤ YN0000: │ 
➤ YN0028: │ The lockfile would have been modified by this install, which is explicitly forbidden.
➤ YN0000: └ Completed
➤ YN0000: · Failed with errors in 0s 215ms
