/Users/cuteloli/Code/node-toolchain-infer/.cache/maintenance/nodes/node-17.0.1-darwin-arm64-b49c65be9112f7e5de4e39f4f01e541ee73b3d28d3e2bbd3ea85a86952d0dc2d/bin/node /var/folders/dk/hdf0w6sx0dbfnxr2gy5dh1mw0000gn/T/toolchain-seed-gle401/11/tools/pnpm-6.20.1/node_modules/pnpm/bin/pnpm.cjs install --frozen-lockfile --ignore-scripts
Lockfile is up-to-date, resolution step is skipped
Progress: resolved 1, reused 0, downloaded 0, added 0
Packages: +1
+
Packages are hard linked from the content-addressable store to the virtual store.
  Content-addressable store is at: /var/folders/dk/hdf0w6sx0dbfnxr2gy5dh1mw0000gn/T/toolchain-seed-gle401/11/project/.pnpm-store/v3
  Virtual store is at:             node_modules/.pnpm

dependencies:
+ is-number 7.0.0

Progress: resolved 1, reused 0, downloaded 1, added 1, done

[Contradictory manifest control]
{
  "name": "compatibility-fixture",
  "version": "1.0.0",
  "private": true,
  "dependencies": {
    "is-number": "6.0.0"
  }
}
Result: incompatible; logs/9755e6e05e7929407831cbec2f0c072489b1773bbc6f32819373d855cbfeadfe-46115ce2279f.log
