/Users/cuteloli/.local/share/fnm/node-versions/v24.10.0/installation/bin/node /var/folders/dk/hdf0w6sx0dbfnxr2gy5dh1mw0000gn/T/toolchain-seed-7iEB2A/3/tools/yarn-4.5.1/bin/yarn.js install --immutable
➤ YN0087: Migrated your project to the latest Yarn version 🚀

➤ YN0000: · Yarn 4.5.1
➤ YN0000: ┌ Resolution step
➤ YN0000: └ Completed in 2s 73ms

➤ YN0000: ┌ Post-resolution validation
➤ YN0000: │ @@ -1,21 +1,21 @@
➤ YN0000: │  # This file is generated by running "yarn install" inside your project.
➤ YN0000: │  # Manual changes might be lost - proceed with caution!
➤ YN0000: │  
➤ YN0000: │  __metadata:
➤ YN0028: │ -  version: 6
➤ YN0028: │ -  cacheKey: 8
➤ YN0028: │ +  version: 8
➤ YN0028: │ +  cacheKey: 10
➤ YN0000: │  
➤ YN0000: │  "compatibility-fixture@workspace:.":
➤ YN0000: │    version: 0.0.0-use.local
➤ YN0000: │    resolution: "compatibility-fixture@workspace:."
➤ YN0000: │    dependencies:
➤ YN0028: │ -    is-number: 7.0.0
➤ YN0028: │ +    is-number: "npm:7.0.0"
➤ YN0000: │    languageName: unknown
➤ YN0000: │    linkType: soft
➤ YN0000: │  
➤ YN0000: │  "is-number@npm:7.0.0":
➤ YN0000: │    version: 7.0.0
➤ YN0000: │    resolution: "is-number@npm:7.0.0"
➤ YN0028: │ -  checksum: 456ac6f8e0f3111ed34668a624e45315201dff921e5ac181f8ec24923b99e9f32ca1a194912dc79d539c97d33dba17dc635202ff0b2cf98326f608323276d27a
➤ YN0028: │ +  checksum: 8/456ac6f8e0f3111ed34668a624e45315201dff921e5ac181f8ec24923b99e9f32ca1a194912dc79d539c97d33dba17dc635202ff0b2cf98326f608323276d27a
➤ YN0000: │    languageName: node
➤ YN0000: │    linkType: hard
➤ YN0000: │ 
➤ YN0028: │ The lockfile would have been modified by this install, which is explicitly forbidden.
➤ YN0000: └ Completed
➤ YN0000: · Failed with errors in 2s 82ms
