/Users/cuteloli/.local/share/fnm/node-versions/v24.10.0/installation/bin/node /var/folders/dk/hdf0w6sx0dbfnxr2gy5dh1mw0000gn/T/toolchain-seed-Elra7r/10/tools/pnpm-11.11.0/node_modules/pnpm/bin/pnpm.mjs install --frozen-lockfile --ignore-scripts
✓ Lockfile passes supply-chain policies (verified 1h ago)
Lockfile is up to date, resolution step is skipped
Progress: resolved 1, reused 0, downloaded 0, added 0
Packages: +1
+
Progress: resolved 1, reused 0, downloaded 1, added 1, done

dependencies:
+ is-number 7.0.0

Done in 926ms using pnpm v11.11.0

[Contradictory manifest control]
{
  "name": "compatibility-fixture",
  "version": "1.0.0",
  "private": true,
  "dependencies": {
    "is-number": "6.0.0"
  }
}
Result: incompatible; logs/d0718285e47b5fe544b6555d4b55dcf4dbc486732d33543c6a5e0a1bc956cc9c-0d2b8e3eb018.log
