/Users/cuteloli/.local/share/fnm/node-versions/v24.10.0/installation/bin/node /var/folders/dk/hdf0w6sx0dbfnxr2gy5dh1mw0000gn/T/toolchain-seed-Elra7r/4/tools/npm-7.18.1/node_modules/npm/bin/npm-cli.js ci --ignore-scripts --no-audit --no-fund
(node:83744) [DEP0174] DeprecationWarning: Calling promisify on a function that returns a Promise is likely a mistake.
(Use `node --trace-deprecation ...` to show where the warning was created)
npm WARN old lockfile 
npm WARN old lockfile The npm-shrinkwrap.json file was created with an old version of npm,
npm WARN old lockfile so supplemental metadata must be fetched from the registry.
npm WARN old lockfile 
npm WARN old lockfile This is a one-time fix-up, please be patient...
npm WARN old lockfile 

added 1 package in 878ms

[Contradictory manifest control]
{
  "name": "compatibility-fixture",
  "version": "1.0.0",
  "private": true,
  "dependencies": {
    "is-number": "6.0.0"
  }
}
Result: pass; logs/09836c4e9e21565ba6cc1da1d35b3c3ae989a4af6ae6fbac291fcb679066b9cc-25db710e8c39.log
Frozen enforcement was not established: a contradictory manifest must produce an explicit lock rejection.
