/Users/cuteloli/Code/node-toolchain-infer/.cache/maintenance/nodes/node-11.10.1-darwin-x64-dea52b86f6875efae26fbb6d0269d9769da7ca69408b74b6ab724d4b64004b07/bin/node /var/folders/dk/hdf0w6sx0dbfnxr2gy5dh1mw0000gn/T/toolchain-seed-AbpthK/0/tools/pnpm-3.0.0-alpha.3/node_modules/pnpm/bin/pnpm.js install --frozen-lockfile --ignore-scripts
 WARN  Your pnpm-lock.yaml was generated by a newer version of pnpm. It is a compatible version but it might get downgraded to version 5
Performing headless installation
Resolving: total 1, reused 0, downloaded 0
Resolving: total 1, reused 0, downloaded 0
Packages: +1
+
Resolving: total 1, reused 1, downloaded 0, done

dependencies:
+ is-number 7.0.0


[Contradictory manifest control]
{
  "name": "compatibility-fixture",
  "version": "1.0.0",
  "private": true,
  "dependencies": {
    "is-number": "6.0.0"
  }
}
Result: incompatible; logs/f4edfd1c9ac968b83ce8006dbbb6a11ffdd88fc5564fd5d58209e9324d56e7b3-0c0eeeb81c4c.log
