/Users/cuteloli/Code/node-toolchain-infer/.cache/maintenance/nodes/node-11.6.0-darwin-x64-c880063b112c48130dba8f7b058de61959ae46fddcfa363715571b22c1cbeb26/bin/node /var/folders/dk/hdf0w6sx0dbfnxr2gy5dh1mw0000gn/T/toolchain-seed-Bkiftr/9/tools/pnpm-2.25.1/node_modules/pnpm/bin/pnpm.js install --frozen-shrinkwrap --ignore-scripts
Scope: current workspace package
 WARN  waiting for the store at "/Users/cuteloli/.pnpm-store/2" to be unlocked...
Performing headless installation
Resolving: total 1, reused 0, downloaded 0
Resolving: total 1, reused 0, downloaded 0
Packages: +1
+
Resolving: total 1, reused 1, downloaded 0, done

dependencies:
+ is-number 7.0.0


[Contradictory manifest control]
{
  "name": "compatibility-fixture",
  "version": "1.0.0",
  "private": true,
  "dependencies": {
    "is-number": "6.0.0"
  }
}
Result: incompatible; logs/bc4bda5356dd3d9db5b92e84134521d8eb9ff320a99f9f6b0995b5884d97cad6-e539ad998708.log
