/var/folders/dk/hdf0w6sx0dbfnxr2gy5dh1mw0000gn/T/toolchain-seed-Elra7r/8/tools/pnpm-12.0.0-alpha.20/node_modules/pnpm/native-pnpm install --frozen-lockfile --ignore-scripts
Lockfile is up to date, resolution step is skipped
✓ Lockfile passes supply-chain policies (previously verified)
Packages are cloned from the content-addressable store to the virtual store.
  Content-addressable store is at: /var/folders/dk/hdf0w6sx0dbfnxr2gy5dh1mw0000gn/T/toolchain-seed-Elra7r/8/project/.pnpm-home/store/v11
  Virtual store is at:             node_modules/.pnpm
Packages: +1
+
Progress: resolved 1, reused 0, downloaded 1, added 1, done

dependencies:
+ is-number 7.0.0

Done in 434ms using pnpm v12.0.0-alpha.20

[Contradictory manifest control]
{
  "name": "compatibility-fixture",
  "version": "1.0.0",
  "private": true,
  "dependencies": {
    "is-number": "6.0.0"
  }
}
Result: incompatible; logs/1223dc0bb99ea8c6b3dceeceb7a2710cd0b50df203db3451fd7a1e9f95360722-0ca1df78d9c2.log
