/Users/cuteloli/Code/node-toolchain-infer/.cache/maintenance/nodes/node-19.4.0-darwin-arm64-9b6bfec4787ec5e500d21e835467fc4bb67689ef7d30a66e31d5bc372405eb42/bin/node /var/folders/dk/hdf0w6sx0dbfnxr2gy5dh1mw0000gn/T/toolchain-seed-Elra7r/3/tools/pnpm-7.23.0/node_modules/pnpm/bin/pnpm.cjs install --frozen-lockfile --ignore-scripts
Lockfile is up to date, resolution step is skipped
Progress: resolved 1, reused 0, downloaded 0, added 0
Packages: +1
+
Packages are hard linked from the content-addressable store to the virtual store.
  Content-addressable store is at: /var/folders/dk/hdf0w6sx0dbfnxr2gy5dh1mw0000gn/T/toolchain-seed-Elra7r/3/project/.pnpm-store/v3
  Virtual store is at:             node_modules/.pnpm

dependencies:
+ is-number 7.0.0

Done in 540ms
Progress: resolved 1, reused 0, downloaded 1, added 1, done

[Contradictory manifest control]
{
  "name": "compatibility-fixture",
  "version": "1.0.0",
  "private": true,
  "dependencies": {
    "is-number": "6.0.0"
  }
}
Result: incompatible; logs/449278d7119f1f9762520ad4df2dd5c55d5c95a1e467f30c944d683c9988f387-f068755a80a5.log
