/Users/cuteloli/.local/share/fnm/node-versions/v24.10.0/installation/bin/node /var/folders/dk/hdf0w6sx0dbfnxr2gy5dh1mw0000gn/T/toolchain-seed-LhwGgB/13/tools/pnpm-0.0.0-2020811527/node_modules/pnpm/bin/pnpm.js install --frozen-shrinkwrap --ignore-scripts
Lockfile is up-to-date, resolution step is skipped
Resolving: total 1, reused 0, downloaded 0
Resolving: total 1, reused 0, downloaded 0
Packages: +1
+
Packages are hard linked from the content-addressable store to the virtual store.
  Content-addressable store is at: /var/folders/dk/hdf0w6sx0dbfnxr2gy5dh1mw0000gn/T/toolchain-seed-LhwGgB/13/project/.pnpm-store/v3
  Virtual store is at:             node_modules/.pnpm
Resolving: total 1, reused 0, downloaded 1, done

dependencies:
+ is-number 7.0.0


[Contradictory manifest control]
{
  "name": "compatibility-fixture",
  "version": "1.0.0",
  "private": true,
  "dependencies": {
    "is-number": "6.0.0"
  }
}
Result: incompatible; logs/debbb4ac97895579ff52566e65d7249dff5b3b27a7cf21de78384e52c3556cb6-472aed03abc7.log
