/var/folders/dk/hdf0w6sx0dbfnxr2gy5dh1mw0000gn/T/toolchain-seed-MGRLsa/12/tools/pnpm-12.0.0-alpha.9/node_modules/pnpm/native-pnpm install --frozen-lockfile --ignore-scripts
Error: pacquet_lockfile::parse_yaml

  × installing dependencies
  ├─▶ Failed to parse lockfile content as YAML: error: line 1 column 18: The
  │   lockfileVersion of 5.3 is incompatible with 9.x
  │    --> <input>:1:18
  │     |
  │   1 | lockfileVersion: 5.3
  │     |                  ^ The lockfileVersion of 5.3 is incompatible with
  │   9.x
  │   2 |
  │   3 | specifiers:
  │     |
  ├─▶ Failed to parse lockfile content as YAML: error: line 1 column 18: The
  │   lockfileVersion of 5.3 is incompatible with 9.x
  │    --> <input>:1:18
  │     |
  │   1 | lockfileVersion: 5.3
  │     |                  ^ The lockfileVersion of 5.3 is incompatible with
  │   9.x
  │   2 |
  │   3 | specifiers:
  │     |
  ╰─▶ error: line 1 column 18: The lockfileVersion of 5.3 is incompatible with
      9.x
       --> <input>:1:18
        |
      1 | lockfileVersion: 5.3
        |                  ^ The lockfileVersion of 5.3 is incompatible with
      9.x
      2 |
      3 | specifiers:
        |

