/Users/cuteloli/Code/node-toolchain-infer/.cache/maintenance/nodes/node-18.7.0-darwin-arm64-ea24b35067bd0dc40ea8fda1087acc87672cbcbba881f7477dbd432e3c03343d/bin/node /var/folders/dk/hdf0w6sx0dbfnxr2gy5dh1mw0000gn/T/toolchain-seed-Elra7r/0/tools/pnpm-7.7.0/node_modules/pnpm/bin/pnpm.cjs install --frozen-lockfile --ignore-scripts
Lockfile is up-to-date, resolution step is skipped
Progress: resolved 1, reused 0, downloaded 0, added 0
Packages: +1
+
Packages are hard linked from the content-addressable store to the virtual store.
  Content-addressable store is at: /var/folders/dk/hdf0w6sx0dbfnxr2gy5dh1mw0000gn/T/toolchain-seed-Elra7r/0/project/.pnpm-store/v3
  Virtual store is at:             node_modules/.pnpm

dependencies:
+ is-number 7.0.0

Progress: resolved 1, reused 0, downloaded 1, added 1, done

[Contradictory manifest control]
{
  "name": "compatibility-fixture",
  "version": "1.0.0",
  "private": true,
  "dependencies": {
    "is-number": "6.0.0"
  }
}
Result: incompatible; logs/785d1a115fae5fe6d195d6430542cfa1778b7cae72592158e3897fe8e84ca25e-87c24d6be7d0.log
