/Users/cuteloli/.local/share/fnm/node-versions/v24.10.0/installation/bin/node /var/folders/dk/hdf0w6sx0dbfnxr2gy5dh1mw0000gn/T/toolchain-seed-AbpthK/12/tools/pnpm-5.0.0-rc.0/node_modules/pnpm/bin/pnpm.js install --frozen-lockfile --ignore-scripts
 WARN  Your pnpm-lock.yaml was generated by a newer version of pnpm. It is a compatible version but it might get downgraded to version 5.1
Lockfile is up-to-date, resolution step is skipped
Resolving: total 1, reused 0, downloaded 0
Resolving: total 1, reused 0, downloaded 0
Packages: +1
+
Resolving: total 1, reused 0, downloaded 1, done

dependencies:
+ is-number 7.0.0


[Contradictory manifest control]
{
  "name": "compatibility-fixture",
  "version": "1.0.0",
  "private": true,
  "dependencies": {
    "is-number": "6.0.0"
  }
}
Result: incompatible; logs/2d05a98fd9230891ddf45305b4777c63e8b3749b974350e51d364046a8b86551-02a9fde4c0c5.log
