/Users/cuteloli/.local/share/fnm/node-versions/v24.10.0/installation/bin/node /var/folders/dk/hdf0w6sx0dbfnxr2gy5dh1mw0000gn/T/toolchain-seed-7iEB2A/4/tools/npm-3.8.3/bin/npm-cli.js ci --ignore-scripts --no-audit --no-fund
(node:91290) [DEP0176] DeprecationWarning: fs.X_OK is deprecated, use fs.constants.X_OK instead
(Use `node --trace-deprecation ...` to show where the warning was created)

Usage: npm <command>

where <command> is one of:
    access, adduser, bin, bugs, c, cache, completion, config,
    ddp, dedupe, deprecate, dist-tag, docs, edit, explore, faq,
    get, help, help-search, i, init, install, install-test, it,
    link, list, ln, logout, ls, outdated, owner, pack, ping,
    prefix, prune, publish, rb, rebuild, repo, restart, root,
    run-script, s, se, search, set, shrinkwrap, star, stars,
    start, stop, t, tag, team, test, tst, un, uninstall,
    unpublish, unstar, up, update, v, version, view, whoami

npm <cmd> -h     quick help on <cmd>
npm -l           display full usage info
npm faq          commonly asked questions
npm help <term>  search for help on <term>
npm help npm     involved overview

Specify configs in the ini-formatted file:
    /var/folders/dk/hdf0w6sx0dbfnxr2gy5dh1mw0000gn/T/toolchain-seed-7iEB2A/4/project/.npm-userconfig
or on the command line via: npm <command> --key value
Config info can be viewed via: npm help config

npm@3.8.3 /private/var/folders/dk/hdf0w6sx0dbfnxr2gy5dh1mw0000gn/T/toolchain-seed-7iEB2A/4/tools/npm-3.8.3
