/Users/cuteloli/Code/node-toolchain-infer/.cache/maintenance/nodes/node-11.12.0-darwin-x64-93d68c1af41d02b262b3383d69b46eb326707ec010b321ad5655b91c4956e783/bin/node /var/folders/dk/hdf0w6sx0dbfnxr2gy5dh1mw0000gn/T/toolchain-seed-AbpthK/15/tools/pnpm-3.1.0-0/node_modules/pnpm/bin/pnpm.js install --frozen-lockfile --ignore-scripts
 WARN  waiting for the store at "/Users/cuteloli/.pnpm-store/2" to be unlocked...
 WARN  Your pnpm-lock.yaml was generated by a newer version of pnpm. It is a compatible version but it might get downgraded to version 5
Performing headless installation
Resolving: total 1, reused 0, downloaded 0
Resolving: total 1, reused 0, downloaded 0
Packages: +1
+
Resolving: total 1, reused 1, downloaded 0, done

dependencies:
+ is-number 7.0.0


[Contradictory manifest control]
{
  "name": "compatibility-fixture",
  "version": "1.0.0",
  "private": true,
  "dependencies": {
    "is-number": "6.0.0"
  }
}
Result: incompatible; logs/3ba463d12626b3f48151bd3b9f1cf221ef6936e8e6987ac751f96f53c22fc1db-a28aff3712fe.log
