/Users/cuteloli/.local/share/fnm/node-versions/v24.10.0/installation/bin/node /var/folders/dk/hdf0w6sx0dbfnxr2gy5dh1mw0000gn/T/toolchain-seed-gle401/6/tools/pnpm-5.0.0-rc.1/node_modules/pnpm/bin/pnpm.js install --frozen-lockfile --ignore-scripts
Lockfile is up-to-date, resolution step is skipped
Resolving: total 1, reused 0, downloaded 0
Resolving: total 1, reused 0, downloaded 0
Packages: +1
+
Resolving: total 1, reused 0, downloaded 1, done

dependencies:
+ is-number 7.0.0


[Contradictory manifest control]
{
  "name": "compatibility-fixture",
  "version": "1.0.0",
  "private": true,
  "dependencies": {
    "is-number": "6.0.0"
  }
}
Result: inconclusive; logs/dfab58c717b3ca394606ed562465d0d87e1af3b74821b6db5a6e0e9b2f901236-baf229ca890c.log
Frozen enforcement was not established: the control must reject the changed manifest or retain the original locked versions without changing files.
