/var/folders/dk/hdf0w6sx0dbfnxr2gy5dh1mw0000gn/T/toolchain-seed-Elra7r/7/tools/pnpm-12.0.0-alpha.18/node_modules/pnpm/native-pnpm install --frozen-lockfile --ignore-scripts
Lockfile is up to date, resolution step is skipped
✓ Lockfile passes supply-chain policies (previously verified)
Packages are cloned from the content-addressable store to the virtual store.
  Content-addressable store is at: /var/folders/dk/hdf0w6sx0dbfnxr2gy5dh1mw0000gn/T/toolchain-seed-Elra7r/7/project/.pnpm-home/store/v11
  Virtual store is at:             node_modules/.pnpm
Packages: +1
+
Progress: resolved 1, reused 0, downloaded 1, added 1, done

dependencies:
+ is-number 7.0.0

Done in 407ms using pnpm v12.0.0-alpha.18

[Contradictory manifest control]
{
  "name": "compatibility-fixture",
  "version": "1.0.0",
  "private": true,
  "dependencies": {
    "is-number": "6.0.0"
  }
}
Result: incompatible; logs/e3dc1db6f559b98ddfa723f93c3e6c50f96ce4ade649742094229a17b74043cc-5e791fd76b1c.log
