/Users/cuteloli/Code/node-toolchain-infer/.cache/maintenance/nodes/node-11.6.0-darwin-x64-c880063b112c48130dba8f7b058de61959ae46fddcfa363715571b22c1cbeb26/bin/node /var/folders/dk/hdf0w6sx0dbfnxr2gy5dh1mw0000gn/T/toolchain-seed-Bkiftr/13/tools/pnpm-2.23.1/node_modules/pnpm/bin/pnpm.js install --frozen-shrinkwrap --ignore-scripts
Scope: current workspace package
 WARN  waiting for the store at "/Users/cuteloli/.pnpm-store/2" to be unlocked...
Performing headless installation
Packages: +1
+
Resolving: total 1, reused 0, downloaded 0
Resolving: total 1, reused 1, downloaded 0, done

dependencies:
+ is-number 7.0.0


[Contradictory manifest control]
{
  "name": "compatibility-fixture",
  "version": "1.0.0",
  "private": true,
  "dependencies": {
    "is-number": "6.0.0"
  }
}
Result: incompatible; logs/03483ed244787637f01a0fee00c872fd54f1faa3ccc9349e488441bb85eac6b6-1fb0b4f22292.log
