/Users/cuteloli/.local/share/fnm/node-versions/v24.10.0/installation/bin/node /var/folders/dk/hdf0w6sx0dbfnxr2gy5dh1mw0000gn/T/toolchain-seed-Elra7r/4/tools/pnpm-11.24.0/node_modules/pnpm/bin/pnpm.mjs install --frozen-lockfile --ignore-scripts
✓ Lockfile passes supply-chain policies (verified 1h ago)
Lockfile is up to date, resolution step is skipped
Progress: resolved 1, reused 0, downloaded 0, added 0
Packages: +1
+
Progress: resolved 1, reused 0, downloaded 1, added 0
Packages are cloned from the content-addressable store to the virtual store.
  Content-addressable store is at: /var/folders/dk/hdf0w6sx0dbfnxr2gy5dh1mw0000gn/T/toolchain-seed-Elra7r/4/project/.pnpm-home/store/v11
  Virtual store is at:             node_modules/.pnpm
Progress: resolved 1, reused 0, downloaded 1, added 1, done

dependencies:
+ is-number 7.0.0

Done in 2.1s using pnpm v11.24.0

[Contradictory manifest control]
{
  "name": "compatibility-fixture",
  "version": "1.0.0",
  "private": true,
  "dependencies": {
    "is-number": "6.0.0"
  }
}
Result: incompatible; logs/fd0778fdcb1bf03d983c0baa831716cb0cbc30f5b5989c9ba1bc0324612d0197-21ea2612b646.log
