Error: Command failed: /Users/cuteloli/.local/share/fnm/node-versions/v24.10.0/installation/bin/node /Users/cuteloli/Code/node-toolchain-infer/.cache/maintenance/prepared/061d31a5f4d86bdf24f30f85292115d589fb6a16e251519605efee07a484a34f/tool/lib/bin/pnpm.js --version
node:internal/modules/cjs/loader:1423
  throw err;
  ^

Error: Cannot find module 'thenify'
Require stack:
- /Users/cuteloli/Code/node-toolchain-infer/.cache/maintenance/prepared/061d31a5f4d86bdf24f30f85292115d589fb6a16e251519605efee07a484a34f/tool/lib/fs/readPkg.js
- /Users/cuteloli/Code/node-toolchain-infer/.cache/maintenance/prepared/061d31a5f4d86bdf24f30f85292115d589fb6a16e251519605efee07a484a34f/tool/lib/fs/safeReadPkg.js
- /Users/cuteloli/Code/node-toolchain-infer/.cache/maintenance/prepared/061d31a5f4d86bdf24f30f85292115d589fb6a16e251519605efee07a484a34f/tool/lib/api/install.js
- /Users/cuteloli/Code/node-toolchain-infer/.cache/maintenance/prepared/061d31a5f4d86bdf24f30f85292115d589fb6a16e251519605efee07a484a34f/tool/lib/cmd/install.js
- /Users/cuteloli/Code/node-toolchain-infer/.cache/maintenance/prepared/061d31a5f4d86bdf24f30f85292115d589fb6a16e251519605efee07a484a34f/tool/lib/bin/pnpm.js
    at Module._resolveFilename (node:internal/modules/cjs/loader:1420:15)
    at defaultResolveImpl (node:internal/modules/cjs/loader:1058:19)
    at resolveForCJSWithHooks (node:internal/modules/cjs/loader:1063:22)
    at Module._load (node:internal/modules/cjs/loader:1226:37)
    at TracingChannel.traceSync (node:diagnostics_channel:328:14)
    at wrapModuleLoad (node:internal/modules/cjs/loader:244:24)
    at Module.require (node:internal/modules/cjs/loader:1503:12)
    at require (node:internal/modules/helpers:152:16)
    at Object.<anonymous> (/Users/cuteloli/Code/node-toolchain-infer/.cache/maintenance/prepared/061d31a5f4d86bdf24f30f85292115d589fb6a16e251519605efee07a484a34f/tool/lib/fs/readPkg.js:5:17)
    at Module._compile (node:internal/modules/cjs/loader:1760:14) {
  code: 'MODULE_NOT_FOUND',
  requireStack: [
    '/Users/cuteloli/Code/node-toolchain-infer/.cache/maintenance/prepared/061d31a5f4d86bdf24f30f85292115d589fb6a16e251519605efee07a484a34f/tool/lib/fs/readPkg.js',
    '/Users/cuteloli/Code/node-toolchain-infer/.cache/maintenance/prepared/061d31a5f4d86bdf24f30f85292115d589fb6a16e251519605efee07a484a34f/tool/lib/fs/safeReadPkg.js',
    '/Users/cuteloli/Code/node-toolchain-infer/.cache/maintenance/prepared/061d31a5f4d86bdf24f30f85292115d589fb6a16e251519605efee07a484a34f/tool/lib/api/install.js',
    '/Users/cuteloli/Code/node-toolchain-infer/.cache/maintenance/prepared/061d31a5f4d86bdf24f30f85292115d589fb6a16e251519605efee07a484a34f/tool/lib/cmd/install.js',
    '/Users/cuteloli/Code/node-toolchain-infer/.cache/maintenance/prepared/061d31a5f4d86bdf24f30f85292115d589fb6a16e251519605efee07a484a34f/tool/lib/bin/pnpm.js'
  ]
}

Node.js v24.10.0

    at genericNodeError (node:internal/errors:985:15)
    at wrappedFn (node:internal/errors:539:14)
    at ChildProcess.exithandler (node:child_process:417:12)
    at ChildProcess.emit (node:events:508:28)
    at maybeClose (node:internal/child_process:1101:16)
    at Socket.<anonymous> (node:internal/child_process:457:11)
    at Socket.emit (node:events:508:28)
    at Pipe.<anonymous> (node:net:346:12)