Error: Command failed: /Users/cuteloli/.local/share/fnm/node-versions/v24.10.0/installation/bin/node /Users/cuteloli/Code/node-toolchain-infer/.cache/maintenance/prepared/451139b48a387f0e0c49ac1042f23bacc644c47b60d1b8207ed047bb4d42f371/tool/bin/pnpm.js --version
node:internal/modules/cjs/loader:1420
  const err = new Error(message);
              ^

Error: Cannot find module 'pnpm/package.json'
Require stack:
- /Users/cuteloli/Code/node-toolchain-infer/.cache/maintenance/prepared/451139b48a387f0e0c49ac1042f23bacc644c47b60d1b8207ed047bb4d42f371/tool/lib/node_modules/@pnpm/cli-utils/lib/pnpmPkgJson.js
- /Users/cuteloli/Code/node-toolchain-infer/.cache/maintenance/prepared/451139b48a387f0e0c49ac1042f23bacc644c47b60d1b8207ed047bb4d42f371/tool/lib/node_modules/@pnpm/cli-utils/lib/getConfig.js
- /Users/cuteloli/Code/node-toolchain-infer/.cache/maintenance/prepared/451139b48a387f0e0c49ac1042f23bacc644c47b60d1b8207ed047bb4d42f371/tool/lib/node_modules/@pnpm/cli-utils/lib/index.js
- /Users/cuteloli/Code/node-toolchain-infer/.cache/maintenance/prepared/451139b48a387f0e0c49ac1042f23bacc644c47b60d1b8207ed047bb4d42f371/tool/lib/bin/pnpm.js
- /Users/cuteloli/Code/node-toolchain-infer/.cache/maintenance/prepared/451139b48a387f0e0c49ac1042f23bacc644c47b60d1b8207ed047bb4d42f371/tool/bin/pnpm.js
    at Module._resolveFilename (node:internal/modules/cjs/loader:1420:15)
    at require.resolve (node:internal/modules/helpers:163:19)
    at Object.<anonymous> (/Users/cuteloli/Code/node-toolchain-infer/.cache/maintenance/prepared/451139b48a387f0e0c49ac1042f23bacc644c47b60d1b8207ed047bb4d42f371/tool/lib/node_modules/@pnpm/cli-utils/lib/pnpmPkgJson.js:4:43)
    at Module._compile (node:internal/modules/cjs/loader:1760:14)
    at Object..js (node:internal/modules/cjs/loader:1893:10)
    at Module.load (node:internal/modules/cjs/loader:1480:32)
    at Module._load (node:internal/modules/cjs/loader:1299:12)
    at TracingChannel.traceSync (node:diagnostics_channel:328:14)
    at wrapModuleLoad (node:internal/modules/cjs/loader:244:24)
    at Module.require (node:internal/modules/cjs/loader:1503:12) {
  code: 'MODULE_NOT_FOUND',
  requireStack: [
    '/Users/cuteloli/Code/node-toolchain-infer/.cache/maintenance/prepared/451139b48a387f0e0c49ac1042f23bacc644c47b60d1b8207ed047bb4d42f371/tool/lib/node_modules/@pnpm/cli-utils/lib/pnpmPkgJson.js',
    '/Users/cuteloli/Code/node-toolchain-infer/.cache/maintenance/prepared/451139b48a387f0e0c49ac1042f23bacc644c47b60d1b8207ed047bb4d42f371/tool/lib/node_modules/@pnpm/cli-utils/lib/getConfig.js',
    '/Users/cuteloli/Code/node-toolchain-infer/.cache/maintenance/prepared/451139b48a387f0e0c49ac1042f23bacc644c47b60d1b8207ed047bb4d42f371/tool/lib/node_modules/@pnpm/cli-utils/lib/index.js',
    '/Users/cuteloli/Code/node-toolchain-infer/.cache/maintenance/prepared/451139b48a387f0e0c49ac1042f23bacc644c47b60d1b8207ed047bb4d42f371/tool/lib/bin/pnpm.js',
    '/Users/cuteloli/Code/node-toolchain-infer/.cache/maintenance/prepared/451139b48a387f0e0c49ac1042f23bacc644c47b60d1b8207ed047bb4d42f371/tool/bin/pnpm.js'
  ]
}

Node.js v24.10.0

    at genericNodeError (node:internal/errors:985:15)
    at wrappedFn (node:internal/errors:539:14)
    at ChildProcess.exithandler (node:child_process:417:12)
    at ChildProcess.emit (node:events:508:28)
    at maybeClose (node:internal/child_process:1101:16)
    at ChildProcess._handle.onexit (node:internal/child_process:305:5)