Error: Command failed: /Users/cuteloli/Code/node-toolchain-infer/.cache/maintenance/nodes/node-26.5.0-darwin-arm64-ee920559aaa2391569cff4d737e3b83963430e3a14dedd91bfe0ff53171b5af9/bin/node /var/folders/dk/hdf0w6sx0dbfnxr2gy5dh1mw0000gn/T/toolchain-seed-0psoBW/4/tools/pnpm-12.0.0-alpha.16/pnpm --version
file:///private/var/folders/dk/hdf0w6sx0dbfnxr2gy5dh1mw0000gn/T/toolchain-seed-0psoBW/4/tools/pnpm-12.0.0-alpha.16/pnpm:1
This is a placeholder. pnpm's native binary replaces this file during
     ^^

SyntaxError: Unexpected identifier 'is'
    at compileSourceTextModule (node:internal/modules/esm/utils:355:16)
    at ModuleLoader.moduleStrategy (node:internal/modules/esm/translators:90:18)
    at #translate (node:internal/modules/esm/loader:441:20)
    at afterLoad (node:internal/modules/esm/loader:509:29)
    at ModuleLoader.loadAndTranslate (node:internal/modules/esm/loader:514:12)
    at #getOrCreateModuleJobAfterResolve (node:internal/modules/esm/loader:567:36)
    at afterResolve (node:internal/modules/esm/loader:614:52)
    at ModuleLoader.getOrCreateModuleJob (node:internal/modules/esm/loader:620:12)
    at node:internal/modules/esm/loader:639:32
    at TracingChannel.tracePromise (node:diagnostics_channel:539:22)

Node.js v26.5.0

    at genericNodeError (node:internal/errors:985:15)
    at wrappedFn (node:internal/errors:539:14)
    at ChildProcess.exithandler (node:child_process:417:12)
    at ChildProcess.emit (node:events:508:28)
    at maybeClose (node:internal/child_process:1101:16)
    at ChildProcess._handle.onexit (node:internal/child_process:305:5)