Error: Command failed: /Users/cuteloli/.local/share/fnm/node-versions/v24.10.0/installation/bin/node /var/folders/dk/hdf0w6sx0dbfnxr2gy5dh1mw0000gn/T/toolchain-seed-0psoBW/2/tools/pnpm-12.2.0/pnpm.exe --version
node:internal/modules/esm/get_format:185
  throw new ERR_UNKNOWN_FILE_EXTENSION(ext, filepath);
        ^

TypeError [ERR_UNKNOWN_FILE_EXTENSION]: Unknown file extension ".exe" for /private/var/folders/dk/hdf0w6sx0dbfnxr2gy5dh1mw0000gn/T/toolchain-seed-0psoBW/2/tools/pnpm-12.2.0/pnpm.exe
    at Object.getFileProtocolModuleFormat [as file:] (node:internal/modules/esm/get_format:185:9)
    at defaultGetFormat (node:internal/modules/esm/get_format:211:36)
    at defaultLoad (node:internal/modules/esm/load:94:16)
    at ModuleLoader.load (node:internal/modules/esm/loader:841:12)
    at ModuleLoader.loadAndTranslate (node:internal/modules/esm/loader:612:31)
    at #createModuleJob (node:internal/modules/esm/loader:643:36)
    at #getJobFromResolveResult (node:internal/modules/esm/loader:353:34)
    at ModuleLoader.getModuleJobForImport (node:internal/modules/esm/loader:318:41)
    at async onImport.tracePromise.__proto__ (node:internal/modules/esm/loader:685:25) {
  code: 'ERR_UNKNOWN_FILE_EXTENSION'
}

Node.js v24.10.0

    at genericNodeError (node:internal/errors:985:15)
    at wrappedFn (node:internal/errors:539:14)
    at ChildProcess.exithandler (node:child_process:417:12)
    at ChildProcess.emit (node:events:508:28)
    at maybeClose (node:internal/child_process:1101:16)
    at Socket.<anonymous> (node:internal/child_process:457:11)
    at Socket.emit (node:events:508:28)
    at Pipe.<anonymous> (node:net:346:12)