
> node-toolchain-infer@0.1.0 prepack /Users/cuteloli/Code/node-toolchain-infer
> pnpm build && pnpm data:validate


> node-toolchain-infer@0.1.0 build /Users/cuteloli/Code/node-toolchain-infer
> tsc -p tsconfig.build.json


> node-toolchain-infer@0.1.0 data:validate /Users/cuteloli/Code/node-toolchain-infer
> tsx scripts/validate-data.ts

Validated 19 compatibility rules.
📦  node-toolchain-infer@0.1.0
Tarball Contents
data/compatibility.json
dist/catalog.d.ts
dist/catalog.d.ts.map
dist/catalog.js
dist/catalog.js.map
dist/cli.d.ts
dist/cli.d.ts.map
dist/cli.js
dist/cli.js.map
dist/collect.d.ts
dist/collect.d.ts.map
dist/collect.js
dist/collect.js.map
dist/constraints.d.ts
dist/constraints.d.ts.map
dist/constraints.js
dist/constraints.js.map
dist/data-validation.d.ts
dist/data-validation.d.ts.map
dist/data-validation.js
dist/data-validation.js.map
dist/index.d.ts
dist/index.d.ts.map
dist/index.js
dist/index.js.map
dist/metadata.d.ts
dist/metadata.d.ts.map
dist/metadata.js
dist/metadata.js.map
dist/resolve.d.ts
dist/resolve.d.ts.map
dist/resolve.js
dist/resolve.js.map
dist/runtime.d.ts
dist/runtime.d.ts.map
dist/runtime.js
dist/runtime.js.map
dist/sources.d.ts
dist/sources.d.ts.map
dist/sources.js
dist/sources.js.map
dist/types.d.ts
dist/types.d.ts.map
dist/types.js
dist/types.js.map
dist/validation.d.ts
dist/validation.d.ts.map
dist/validation.js
dist/validation.js.map
LICENSE
package.json
README.md
README.zh-CN.md
Tarball Details
node-toolchain-infer-0.1.0.tgz
