/Users/cuteloli/Code/node-toolchain-infer/.cache/maintenance/nodes/node-19.0.0-darwin-arm64-e30054d93857d3b2f55d22a4305e379ba9544adea885428900ff57bae465435e/bin/node /var/folders/dk/hdf0w6sx0dbfnxr2gy5dh1mw0000gn/T/toolchain-seed-Elra7r/4/tools/pnpm-6.35.0/node_modules/pnpm/bin/pnpm.cjs install --frozen-lockfile --ignore-scripts
 WARN  Your pnpm-lock.yaml was generated by a newer version of pnpm. It is a compatible version but it might get downgraded to version 5.3
Lockfile is up-to-date, resolution step is skipped
Progress: resolved 1, reused 0, downloaded 0, added 0
Packages: +1
+
Packages are hard linked from the content-addressable store to the virtual store.
  Content-addressable store is at: /var/folders/dk/hdf0w6sx0dbfnxr2gy5dh1mw0000gn/T/toolchain-seed-Elra7r/4/project/.pnpm-store/v3
  Virtual store is at:             node_modules/.pnpm

dependencies:
+ is-number 7.0.0

Progress: resolved 1, reused 0, downloaded 1, added 1, done

[Contradictory manifest control]
{
  "name": "compatibility-fixture",
  "version": "1.0.0",
  "private": true,
  "dependencies": {
    "is-number": "6.0.0"
  }
}
Result: incompatible; logs/1430b5ed1e3f4e181c11047a62ddb024efda7a194903ff661897f16188f6b021-3e163d6311c6.log
