/Users/cuteloli/Code/node-toolchain-infer/.cache/maintenance/nodes/node-19.0.0-darwin-arm64-e30054d93857d3b2f55d22a4305e379ba9544adea885428900ff57bae465435e/bin/node /var/folders/dk/hdf0w6sx0dbfnxr2gy5dh1mw0000gn/T/toolchain-seed-Elra7r/2/tools/pnpm-7.13.6/node_modules/pnpm/bin/pnpm.cjs install --frozen-lockfile --ignore-scripts
Lockfile is up to date, resolution step is skipped
Progress: resolved 1, reused 0, downloaded 0, added 0
Packages: +1
+
Packages are hard linked from the content-addressable store to the virtual store.
  Content-addressable store is at: /var/folders/dk/hdf0w6sx0dbfnxr2gy5dh1mw0000gn/T/toolchain-seed-Elra7r/2/project/.pnpm-store/v3
  Virtual store is at:             node_modules/.pnpm

dependencies:
+ is-number 7.0.0

Done in 1.1s
Progress: resolved 1, reused 0, downloaded 1, added 1, done

[Contradictory manifest control]
{
  "name": "compatibility-fixture",
  "version": "1.0.0",
  "private": true,
  "dependencies": {
    "is-number": "6.0.0"
  }
}
Result: incompatible; logs/6ac63b1709e99b4870aa618ace1ff36581ceb160b6e8c447fd312348d4af65af-97f583685a2d.log
