/Users/cuteloli/.local/share/fnm/node-versions/v24.10.0/installation/bin/node /var/folders/dk/hdf0w6sx0dbfnxr2gy5dh1mw0000gn/T/toolchain-seed-Elra7r/9/tools/npm-11.5.2/node_modules/npm/bin/npm-cli.js ci --ignore-scripts --no-audit --no-fund
npm warn Unknown env config "npm-globalconfig". This will stop working in the next major version of npm.
npm warn Unknown env config "verify-deps-before-run". This will stop working in the next major version of npm.
npm warn Unknown env config "_jsr-registry". This will stop working in the next major version of npm.
npm warn Unknown env config "store-dir". This will stop working in the next major version of npm.
npm error code EUSAGE
npm error
npm error `npm ci` can only install packages when your package.json and package-lock.json or npm-shrinkwrap.json are in sync. Please update your lock file with `npm install` before continuing.
npm error
npm error Invalid: lock file's is-number@7.0.0 does not satisfy is-number@6.0.0
npm error
npm error Clean install a project
npm error
npm error Usage:
npm error npm ci
npm error
npm error Options:
npm error [--install-strategy <hoisted|nested|shallow|linked>] [--legacy-bundling]
npm error [--global-style] [--omit <dev|optional|peer> [--omit <dev|optional|peer> ...]]
npm error [--include <prod|dev|optional|peer> [--include <prod|dev|optional|peer> ...]]
npm error [--strict-peer-deps] [--foreground-scripts] [--ignore-scripts] [--no-audit]
npm error [--no-bin-links] [--no-fund] [--dry-run]
npm error [-w|--workspace <workspace-name> [-w|--workspace <workspace-name> ...]]
npm error [--workspaces] [--include-workspace-root] [--install-links]
npm error
npm error aliases: clean-install, ic, install-clean, isntall-clean
npm error
npm error Run "npm help ci" for more info
npm error A complete log of this run can be found in: /var/folders/dk/hdf0w6sx0dbfnxr2gy5dh1mw0000gn/T/toolchain-seed-Elra7r/9/project-control-project/.npm-cache/_logs/2026-09-09T10_31_19_859Z-debug-0.log

[npm debug: 2026-09-09T10_31_19_859Z-debug-0.log]
0 verbose cli /Users/cuteloli/.local/share/fnm/node-versions/v24.10.0/installation/bin/node /var/folders/dk/hdf0w6sx0dbfnxr2gy5dh1mw0000gn/T/toolchain-seed-Elra7r/9/tools/npm-11.5.2/node_modules/npm/bin/npm-cli.js
1 info using npm@11.5.2
2 info using node@v24.10.0
3 silly config load:file:/private/var/folders/dk/hdf0w6sx0dbfnxr2gy5dh1mw0000gn/T/toolchain-seed-Elra7r/9/tools/npm-11.5.2/node_modules/npm/npmrc
4 warn Unknown env config "npm-globalconfig". This will stop working in the next major version of npm.
5 warn Unknown env config "verify-deps-before-run". This will stop working in the next major version of npm.
6 warn Unknown env config "_jsr-registry". This will stop working in the next major version of npm.
7 warn Unknown env config "store-dir". This will stop working in the next major version of npm.
8 silly config load:file:/private/var/folders/dk/hdf0w6sx0dbfnxr2gy5dh1mw0000gn/T/toolchain-seed-Elra7r/9/project-control-project/.npmrc
9 silly config load:file:/var/folders/dk/hdf0w6sx0dbfnxr2gy5dh1mw0000gn/T/toolchain-seed-Elra7r/9/project-control-project/.npm-userconfig
10 silly config load:file:/var/folders/dk/hdf0w6sx0dbfnxr2gy5dh1mw0000gn/T/toolchain-seed-Elra7r/9/project-control-project/.npm-globalconfig
11 verbose title npm ci
12 verbose argv "ci" "--ignore-scripts" "--no-audit" "--no-fund"
13 verbose logfile logs-max:10 dir:/var/folders/dk/hdf0w6sx0dbfnxr2gy5dh1mw0000gn/T/toolchain-seed-Elra7r/9/project-control-project/.npm-cache/_logs/2026-09-09T10_31_19_859Z-
14 verbose logfile /var/folders/dk/hdf0w6sx0dbfnxr2gy5dh1mw0000gn/T/toolchain-seed-Elra7r/9/project-control-project/.npm-cache/_logs/2026-09-09T10_31_19_859Z-debug-0.log
15 silly logfile done cleaning log files
16 silly packumentCache heap:4496293888 maxSize:1124073472 maxEntrySize:562036736
17 silly idealTree buildDeps
18 silly fetch manifest is-number@6.0.0
19 silly packumentCache full:https://registry.npmjs.org/is-number cache-miss
20 http fetch GET 200 https://registry.npmjs.org/is-number 485ms (cache miss)
21 silly packumentCache full:https://registry.npmjs.org/is-number set size:undefined disposed:false
22 silly placeDep ROOT is-number@6.0.0 REPLACE for: compatibility-fixture@1.0.0 want: 6.0.0
23 verbose stack Error: 
23 verbose stack `npm ci` can only install packages when your package.json and package-lock.json or npm-shrinkwrap.json are in sync. Please update your lock file with `npm install` before continuing.
23 verbose stack
23 verbose stack Invalid: lock file's is-number@7.0.0 does not satisfy is-number@6.0.0
23 verbose stack
23 verbose stack Clean install a project
23 verbose stack
23 verbose stack Usage:
23 verbose stack npm ci
23 verbose stack
23 verbose stack Options:
23 verbose stack [--install-strategy <hoisted|nested|shallow|linked>] [--legacy-bundling]
23 verbose stack [--global-style] [--omit <dev|optional|peer> [--omit <dev|optional|peer> ...]]
23 verbose stack [--include <prod|dev|optional|peer> [--include <prod|dev|optional|peer> ...]]
23 verbose stack [--strict-peer-deps] [--foreground-scripts] [--ignore-scripts] [--no-audit]
23 verbose stack [--no-bin-links] [--no-fund] [--dry-run]
23 verbose stack [-w|--workspace <workspace-name> [-w|--workspace <workspace-name> ...]]
23 verbose stack [--workspaces] [--include-workspace-root] [--install-links]
23 verbose stack
23 verbose stack aliases: clean-install, ic, install-clean, isntall-clean
23 verbose stack
23 verbose stack Run "npm help ci" for more info
23 verbose stack     at CI.usageError (/private/var/folders/dk/hdf0w6sx0dbfnxr2gy5dh1mw0000gn/T/toolchain-seed-Elra7r/9/tools/npm-11.5.2/node_modules/npm/lib/base-cmd.js:111:26)
23 verbose stack     at CI.exec (/private/var/folders/dk/hdf0w6sx0dbfnxr2gy5dh1mw0000gn/T/toolchain-seed-Elra7r/9/tools/npm-11.5.2/node_modules/npm/lib/commands/ci.js:70:18)
23 verbose stack     at async Npm.exec (/private/var/folders/dk/hdf0w6sx0dbfnxr2gy5dh1mw0000gn/T/toolchain-seed-Elra7r/9/tools/npm-11.5.2/node_modules/npm/lib/npm.js:208:9)
23 verbose stack     at async module.exports (/private/var/folders/dk/hdf0w6sx0dbfnxr2gy5dh1mw0000gn/T/toolchain-seed-Elra7r/9/tools/npm-11.5.2/node_modules/npm/lib/cli/entry.js:67:5)
24 error code EUSAGE
25 error
25 error `npm ci` can only install packages when your package.json and package-lock.json or npm-shrinkwrap.json are in sync. Please update your lock file with `npm install` before continuing.
25 error
25 error Invalid: lock file's is-number@7.0.0 does not satisfy is-number@6.0.0
25 error
25 error Clean install a project
25 error
25 error Usage:
25 error npm ci
25 error
25 error Options:
25 error [--install-strategy <hoisted|nested|shallow|linked>] [--legacy-bundling]
25 error [--global-style] [--omit <dev|optional|peer> [--omit <dev|optional|peer> ...]]
25 error [--include <prod|dev|optional|peer> [--include <prod|dev|optional|peer> ...]]
25 error [--strict-peer-deps] [--foreground-scripts] [--ignore-scripts] [--no-audit]
25 error [--no-bin-links] [--no-fund] [--dry-run]
25 error [-w|--workspace <workspace-name> [-w|--workspace <workspace-name> ...]]
25 error [--workspaces] [--include-workspace-root] [--install-links]
25 error
25 error aliases: clean-install, ic, install-clean, isntall-clean
25 error
25 error Run "npm help ci" for more info
26 verbose cwd /private/var/folders/dk/hdf0w6sx0dbfnxr2gy5dh1mw0000gn/T/toolchain-seed-Elra7r/9/project-control-project
27 verbose os Darwin 25.6.0
28 verbose node v24.10.0
29 verbose npm  v11.5.2
30 verbose exit 1
31 verbose code 1
32 error A complete log of this run can be found in: /var/folders/dk/hdf0w6sx0dbfnxr2gy5dh1mw0000gn/T/toolchain-seed-Elra7r/9/project-control-project/.npm-cache/_logs/2026-09-09T10_31_19_859Z-debug-0.log
