/Users/cuteloli/Code/node-toolchain-infer/.cache/maintenance/nodes/node-11.10.1-darwin-x64-dea52b86f6875efae26fbb6d0269d9769da7ca69408b74b6ab724d4b64004b07/bin/node /var/folders/dk/hdf0w6sx0dbfnxr2gy5dh1mw0000gn/T/toolchain-retest-ZG4vjy/6206f6c5-431e-4d61-9e1d-61717854538f/tools/0/pnpm-2.25.7/node_modules/pnpm/bin/pnpm.js install --frozen-lockfile --ignore-scripts
Scope: current workspace package
Performing headless installation
Resolving: total 1, reused 0, downloaded 0
Resolving: total 1, reused 0, downloaded 0
Packages: +1
+
Resolving: total 1, reused 1, downloaded 0, done

dependencies:
+ is-number 7.0.0


[Contradictory manifest control]
{
  "name": "compatibility-fixture",
  "version": "1.0.0",
  "private": true,
  "dependencies": {
    "is-number": "6.0.0"
  }
}
Result: rewrite; logs/71693bff74bf360df275cdee927086de57189b57b98148f2bd131b145ac39371-20fb12671033.log
Frozen enforcement was not established: the control must reject the changed manifest or retain the original locked versions without changing files.
