/Users/cuteloli/Code/node-toolchain-infer/.cache/maintenance/nodes/node-17.4.0-darwin-arm64-9bd53805faf6df658ecd4f54321b25eff89818efdcb52c20435ff1703fd7064c/bin/node /var/folders/dk/hdf0w6sx0dbfnxr2gy5dh1mw0000gn/T/toolchain-seed-gle401/4/tools/pnpm-6.27.2/node_modules/pnpm/bin/pnpm.cjs install --frozen-lockfile --ignore-scripts
Lockfile is up-to-date, resolution step is skipped
Progress: resolved 1, reused 0, downloaded 0, added 0
Packages: +1
+
Packages are hard linked from the content-addressable store to the virtual store.
  Content-addressable store is at: /var/folders/dk/hdf0w6sx0dbfnxr2gy5dh1mw0000gn/T/toolchain-seed-gle401/4/project/.pnpm-store/v3
  Virtual store is at:             node_modules/.pnpm

dependencies:
+ is-number 7.0.0

Progress: resolved 1, reused 0, downloaded 1, added 1, done

[Contradictory manifest control]
{
  "name": "compatibility-fixture",
  "version": "1.0.0",
  "private": true,
  "dependencies": {
    "is-number": "6.0.0"
  }
}
Result: incompatible; logs/e4a1bcb1a80cde70f48e726a34b9b250dcaa14ca725d5ced87df6a28df65699a-9838d1cd2c1a.log
