/Users/cuteloli/.local/share/fnm/node-versions/v24.10.0/installation/bin/node /var/folders/dk/hdf0w6sx0dbfnxr2gy5dh1mw0000gn/T/toolchain-seed-AbpthK/3/tools/pnpm-5.5.6/node_modules/pnpm/bin/pnpm.js install --frozen-lockfile --ignore-scripts
 WARN  Your pnpm-lock.yaml was generated by a newer version of pnpm. It is a compatible version but it might get downgraded to version 5.1
Lockfile is up-to-date, resolution step is skipped
Resolving: total 1, reused 0, downloaded 0
Resolving: total 1, reused 0, downloaded 0
Packages: +1
+
Packages are hard linked from the content-addressable store to the virtual store.
  Content-addressable store is at: /var/folders/dk/hdf0w6sx0dbfnxr2gy5dh1mw0000gn/T/toolchain-seed-AbpthK/3/project/.pnpm-store/v3
  Virtual store is at:             node_modules/.pnpm
Resolving: total 1, reused 0, downloaded 1, done

dependencies:
+ is-number 7.0.0


[Contradictory manifest control]
{
  "name": "compatibility-fixture",
  "version": "1.0.0",
  "private": true,
  "dependencies": {
    "is-number": "6.0.0"
  }
}
Result: incompatible; logs/848af0778d71d5ed1c80884528437899823a37785d5f96d8bdac9542724336e1-194d5bf929b1.log
