/Users/cuteloli/.local/share/fnm/node-versions/v24.10.0/installation/bin/node /Users/cuteloli/Code/node-toolchain-infer/.cache/gap-audit/tools/7.33.6-node-24.10.0-pnpm-lock-v6/pnpm-7.33.6/node_modules/pnpm/bin/pnpm.cjs install --frozen-lockfile --ignore-scripts
[Fixture environment] {"npm_config_auto_install_peers":"true","npm_config_exclude_links_from_lockfile":"false"}
Lockfile is up to date, resolution step is skipped
Progress: resolved 1, reused 0, downloaded 0, added 0
Packages: +1
+
Packages are hard linked from the content-addressable store to the virtual store.
  Content-addressable store is at: /Users/cuteloli/Code/node-toolchain-infer/.cache/gap-audit/runs/7.33.6-node-24.10.0-pnpm-lock-v6/.pnpm-store/v3
  Virtual store is at:             node_modules/.pnpm

dependencies:
+ is-number 7.0.0

Done in 384ms
Progress: resolved 1, reused 0, downloaded 1, added 1, done

[Contradictory manifest control]
{
  "name": "compatibility-fixture",
  "version": "1.0.0",
  "private": true,
  "dependencies": {
    "is-number": "6.0.0"
  }
}
Result: incompatible; logs/3bd6d891c78c0cd7bd421c3301c568f69e4d74f67a59141604515dfdda653a1e-85d743ec6481.log
