/Users/cuteloli/.local/share/fnm/node-versions/v24.10.0/installation/bin/node /var/folders/dk/hdf0w6sx0dbfnxr2gy5dh1mw0000gn/T/toolchain-seed-gle401/10/tools/pnpm-5.13.4/node_modules/pnpm/bin/pnpm.js install --frozen-lockfile --ignore-scripts
Lockfile is up-to-date, resolution step is skipped
Progress: resolved 1, reused 0, downloaded 0, added 0
Packages: +1
+
Packages are hard linked from the content-addressable store to the virtual store.
  Content-addressable store is at: /var/folders/dk/hdf0w6sx0dbfnxr2gy5dh1mw0000gn/T/toolchain-seed-gle401/10/project/.pnpm-store/v3
  Virtual store is at:             node_modules/.pnpm
Progress: resolved 1, reused 0, downloaded 1, added 1, done

dependencies:
+ is-number 7.0.0


[Contradictory manifest control]
{
  "name": "compatibility-fixture",
  "version": "1.0.0",
  "private": true,
  "dependencies": {
    "is-number": "6.0.0"
  }
}
Result: inconclusive; logs/19ae704d569c93e45112d2c6bb99049af1b0c3d9bca90f7f88d40683f5dd4e17-03652f5180a8.log
Frozen enforcement was not established: the control must reject the changed manifest or retain the original locked versions without changing files.
