/Users/cuteloli/.local/share/fnm/node-versions/v24.10.0/installation/bin/node /var/folders/dk/hdf0w6sx0dbfnxr2gy5dh1mw0000gn/T/toolchain-seed-Elra7r/1/tools/npm-8.19.0/node_modules/npm/bin/npm-cli.js ci --ignore-scripts --no-audit --no-fund
npm WARN old lockfile 
npm WARN old lockfile The package-lock.json file was created with an old version of npm,
npm WARN old lockfile so supplemental metadata must be fetched from the registry.
npm WARN old lockfile 
npm WARN old lockfile This is a one-time fix-up, please be patient...
npm WARN old lockfile 
npm ERR! code EUSAGE
npm ERR! 
npm ERR! `npm ci` can only install packages when your package.json and package-lock.json or npm-shrinkwrap.json are in sync. Please update your lock file with `npm install` before continuing.
npm ERR! 
npm ERR! Invalid: lock file's is-number@7.0.0 does not satisfy is-number@6.0.0
npm ERR! 
npm ERR! Clean install a project
npm ERR! 
npm ERR! Usage:
npm ERR! npm ci
npm ERR! 
npm ERR! Options:
npm ERR! [-S|--save|--no-save|--save-prod|--save-dev|--save-optional|--save-peer|--save-bundle]
npm ERR! [-E|--save-exact] [-g|--global] [--global-style] [--legacy-bundling]
npm ERR! [--omit <dev|optional|peer> [--omit <dev|optional|peer> ...]]
npm ERR! [--strict-peer-deps] [--no-package-lock] [--foreground-scripts]
npm ERR! [--ignore-scripts] [--no-audit] [--no-bin-links] [--no-fund] [--dry-run]
npm ERR! [-w|--workspace <workspace-name> [-w|--workspace <workspace-name> ...]]
npm ERR! [-ws|--workspaces] [--include-workspace-root] [--install-links]
npm ERR! 
npm ERR! aliases: clean-install, ic, install-clean, isntall-clean
npm ERR! 
npm ERR! Run "npm help ci" for more info

npm ERR! A complete log of this run can be found in:
npm ERR!     /var/folders/dk/hdf0w6sx0dbfnxr2gy5dh1mw0000gn/T/toolchain-seed-Elra7r/1/project-control-project/.npm-cache/_logs/2026-09-09T10_34_51_192Z-debug-0.log

[npm debug: 2026-09-09T10_34_51_192Z-debug-0.log]
0 verbose cli /Users/cuteloli/.local/share/fnm/node-versions/v24.10.0/installation/bin/node /var/folders/dk/hdf0w6sx0dbfnxr2gy5dh1mw0000gn/T/toolchain-seed-Elra7r/1/tools/npm-8.19.0/node_modules/npm/bin/npm-cli.js
1 info using npm@8.19.0
2 info using node@v24.10.0
3 timing npm:load:whichnode Completed in 0ms
4 timing config:load:defaults Completed in 0ms
5 timing config:load:file:/private/var/folders/dk/hdf0w6sx0dbfnxr2gy5dh1mw0000gn/T/toolchain-seed-Elra7r/1/tools/npm-8.19.0/node_modules/npm/npmrc Completed in 0ms
6 timing config:load:builtin Completed in 0ms
7 timing config:load:cli Completed in 1ms
8 timing config:load:env Completed in 0ms
9 timing config:load:file:/private/var/folders/dk/hdf0w6sx0dbfnxr2gy5dh1mw0000gn/T/toolchain-seed-Elra7r/1/project-control-project/.npmrc Completed in 0ms
10 timing config:load:project Completed in 5ms
11 timing config:load:file:/var/folders/dk/hdf0w6sx0dbfnxr2gy5dh1mw0000gn/T/toolchain-seed-Elra7r/1/project-control-project/.npm-userconfig Completed in 0ms
12 timing config:load:user Completed in 0ms
13 timing config:load:file:/var/folders/dk/hdf0w6sx0dbfnxr2gy5dh1mw0000gn/T/toolchain-seed-Elra7r/1/project-control-project/.npm-globalconfig Completed in 1ms
14 timing config:load:global Completed in 1ms
15 timing config:load:validate Completed in 1ms
16 timing config:load:credentials Completed in 0ms
17 timing config:load:setEnvs Completed in 0ms
18 timing config:load Completed in 8ms
19 timing npm:load:configload Completed in 9ms
20 timing npm:load:mkdirpcache Completed in 2ms
21 timing npm:load:mkdirplogs Completed in 0ms
22 verbose title npm ci
23 verbose argv "ci" "--ignore-scripts" "--no-audit" "--no-fund"
24 timing npm:load:setTitle Completed in 10ms
25 timing config:load:flatten Completed in 1ms
26 timing npm:load:display Completed in 1ms
27 verbose logfile logs-max:10 dir:/var/folders/dk/hdf0w6sx0dbfnxr2gy5dh1mw0000gn/T/toolchain-seed-Elra7r/1/project-control-project/.npm-cache/_logs
28 verbose logfile /var/folders/dk/hdf0w6sx0dbfnxr2gy5dh1mw0000gn/T/toolchain-seed-Elra7r/1/project-control-project/.npm-cache/_logs/2026-09-09T10_34_51_192Z-debug-0.log
29 timing npm:load:logFile Completed in 1ms
30 timing npm:load:timers Completed in 0ms
31 timing npm:load:configScope Completed in 0ms
32 timing npm:load Completed in 23ms
33 timing arborist:ctor Completed in 0ms
34 silly logfile done cleaning log files
35 timing idealTree:init Completed in 3ms
36 warn old lockfile
36 warn old lockfile The package-lock.json file was created with an old version of npm,
36 warn old lockfile so supplemental metadata must be fetched from the registry.
36 warn old lockfile
36 warn old lockfile This is a one-time fix-up, please be patient...
36 warn old lockfile
37 silly inflate node_modules/is-number
38 http fetch GET 200 https://registry.npmjs.org/is-number 224ms (cache miss)
39 timing idealTree:inflate Completed in 229ms
40 timing idealTree:userRequests Completed in 0ms
41 silly idealTree buildDeps
42 silly fetch manifest is-number@6.0.0
43 silly placeDep ROOT is-number@6.0.0 REPLACE for: compatibility-fixture@1.0.0 want: 6.0.0
44 timing idealTree:#root Completed in 2ms
45 timing idealTree:node_modules/is-number Completed in 0ms
46 timing idealTree:buildDeps Completed in 2ms
47 timing idealTree:fixDepFlags Completed in 0ms
48 timing idealTree Completed in 234ms
49 timing command:ci Completed in 244ms
50 verbose stack Error: 
50 verbose stack `npm ci` can only install packages when your package.json and package-lock.json or npm-shrinkwrap.json are in sync. Please update your lock file with `npm install` before continuing.
50 verbose stack
50 verbose stack Invalid: lock file's is-number@7.0.0 does not satisfy is-number@6.0.0
50 verbose stack
50 verbose stack Clean install a project
50 verbose stack
50 verbose stack Usage:
50 verbose stack npm ci
50 verbose stack
50 verbose stack Options:
50 verbose stack [-S|--save|--no-save|--save-prod|--save-dev|--save-optional|--save-peer|--save-bundle]
50 verbose stack [-E|--save-exact] [-g|--global] [--global-style] [--legacy-bundling]
50 verbose stack [--omit <dev|optional|peer> [--omit <dev|optional|peer> ...]]
50 verbose stack [--strict-peer-deps] [--no-package-lock] [--foreground-scripts]
50 verbose stack [--ignore-scripts] [--no-audit] [--no-bin-links] [--no-fund] [--dry-run]
50 verbose stack [-w|--workspace <workspace-name> [-w|--workspace <workspace-name> ...]]
50 verbose stack [-ws|--workspaces] [--include-workspace-root] [--install-links]
50 verbose stack
50 verbose stack aliases: clean-install, ic, install-clean, isntall-clean
50 verbose stack
50 verbose stack Run "npm help ci" for more info
50 verbose stack     at CI.usageError (/private/var/folders/dk/hdf0w6sx0dbfnxr2gy5dh1mw0000gn/T/toolchain-seed-Elra7r/1/tools/npm-8.19.0/node_modules/npm/lib/base-command.js:88:26)
50 verbose stack     at CI.exec (/private/var/folders/dk/hdf0w6sx0dbfnxr2gy5dh1mw0000gn/T/toolchain-seed-Elra7r/1/tools/npm-8.19.0/node_modules/npm/lib/commands/ci.js:58:18)
50 verbose stack     at async module.exports (/private/var/folders/dk/hdf0w6sx0dbfnxr2gy5dh1mw0000gn/T/toolchain-seed-Elra7r/1/tools/npm-8.19.0/node_modules/npm/lib/cli.js:78:5)
51 verbose cwd /private/var/folders/dk/hdf0w6sx0dbfnxr2gy5dh1mw0000gn/T/toolchain-seed-Elra7r/1/project-control-project
52 verbose Darwin 25.6.0
53 verbose node v24.10.0
54 verbose npm  v8.19.0
55 error code EUSAGE
56 error
56 error `npm ci` can only install packages when your package.json and package-lock.json or npm-shrinkwrap.json are in sync. Please update your lock file with `npm install` before continuing.
56 error
56 error Invalid: lock file's is-number@7.0.0 does not satisfy is-number@6.0.0
56 error
56 error Clean install a project
56 error
56 error Usage:
56 error npm ci
56 error
56 error Options:
56 error [-S|--save|--no-save|--save-prod|--save-dev|--save-optional|--save-peer|--save-bundle]
56 error [-E|--save-exact] [-g|--global] [--global-style] [--legacy-bundling]
56 error [--omit <dev|optional|peer> [--omit <dev|optional|peer> ...]]
56 error [--strict-peer-deps] [--no-package-lock] [--foreground-scripts]
56 error [--ignore-scripts] [--no-audit] [--no-bin-links] [--no-fund] [--dry-run]
56 error [-w|--workspace <workspace-name> [-w|--workspace <workspace-name> ...]]
56 error [-ws|--workspaces] [--include-workspace-root] [--install-links]
56 error
56 error aliases: clean-install, ic, install-clean, isntall-clean
56 error
56 error Run "npm help ci" for more info
57 verbose exit 1
58 timing npm Completed in 311ms
59 verbose code 1
60 error A complete log of this run can be found in:
60 error     /var/folders/dk/hdf0w6sx0dbfnxr2gy5dh1mw0000gn/T/toolchain-seed-Elra7r/1/project-control-project/.npm-cache/_logs/2026-09-09T10_34_51_192Z-debug-0.log
