/Users/cuteloli/.local/share/fnm/node-versions/v24.10.0/installation/bin/node /var/folders/dk/hdf0w6sx0dbfnxr2gy5dh1mw0000gn/T/toolchain-seed-Elra7r/10/tools/pnpm-11.9.0/node_modules/pnpm/bin/pnpm.mjs install --frozen-lockfile --ignore-scripts
✓ Lockfile passes supply-chain policies (verified 1h ago)
Lockfile is up to date, resolution step is skipped
Progress: resolved 1, reused 0, downloaded 0, added 0
Packages: +1
+
Progress: resolved 1, reused 0, downloaded 1, added 1, done

dependencies:
+ is-number 7.0.0

Done in 1s using pnpm v11.9.0

[Contradictory manifest control]
{
  "name": "compatibility-fixture",
  "version": "1.0.0",
  "private": true,
  "dependencies": {
    "is-number": "6.0.0"
  }
}
Result: incompatible; logs/afff747ce931ea1c1884c2e65226bb52947609a4015f43e3890e6e5013f38ab7-0ee667b6c2e8.log
