/Users/cuteloli/.local/share/fnm/node-versions/v24.10.0/installation/bin/node /var/folders/dk/hdf0w6sx0dbfnxr2gy5dh1mw0000gn/T/toolchain-seed-xGknYz/0/tools/yarn-4.6.0/node_modules/@yarnpkg/cli-dist/bin/yarn.js install --immutable
➤ YN0000: · Yarn 4.6.0
➤ YN0000: ┌ Resolution step
➤ YN0000: └ Completed
➤ YN0000: ┌ Fetch step
➤ YN0013: │ A package was added to the project (+ 10.17 KiB).
➤ YN0000: └ Completed in 0s 458ms
➤ YN0000: ┌ Link step
➤ YN0000: └ Completed
➤ YN0000: · Done in 0s 509ms

[PnP dependency verification] /Users/cuteloli/.local/share/fnm/node-versions/v24.10.0/installation/bin/node --require /var/folders/dk/hdf0w6sx0dbfnxr2gy5dh1mw0000gn/T/toolchain-seed-xGknYz/0/project/.pnp.cjs --eval const out = {}; for (const name of JSON.parse(process.argv[1])) out[name] = require(name + "/package.json").version; console.log("NTI_DEPENDENCIES " + JSON.stringify(out)); ["is-number"]
NTI_DEPENDENCIES {"is-number":"7.0.0"}

[Contradictory manifest control]
{
  "name": "compatibility-fixture",
  "version": "1.0.0",
  "private": true,
  "dependencies": {
    "is-number": "6.0.0"
  }
}
Result: incompatible; logs/5d605c2605be86024252105acc76aadd73d4c71cf1c2ee5d5c5ff2465b2f726c-cb6795badabf.log
