Error: Command failed: /Users/cuteloli/.local/share/fnm/node-versions/v24.10.0/installation/bin/node /Users/cuteloli/Code/node-toolchain-infer/.cache/maintenance/prepared/a086506bb73675bdf79f6854709170a7c92c799dc6b49284a1cdc5a9d75ad102/tool/lib/bin/pnpm.js --version
node:internal/modules/cjs/loader:1423
  throw err;
  ^

Error: Cannot find module 'mkdirp-promise/lib/node4'
Require stack:
- /Users/cuteloli/Code/node-toolchain-infer/.cache/maintenance/prepared/a086506bb73675bdf79f6854709170a7c92c799dc6b49284a1cdc5a9d75ad102/tool/lib/node_modules/@zkochan/cmd-shim/index.js
- /Users/cuteloli/Code/node-toolchain-infer/.cache/maintenance/prepared/a086506bb73675bdf79f6854709170a7c92c799dc6b49284a1cdc5a9d75ad102/tool/lib/install/linkBins.js
- /Users/cuteloli/Code/node-toolchain-infer/.cache/maintenance/prepared/a086506bb73675bdf79f6854709170a7c92c799dc6b49284a1cdc5a9d75ad102/tool/lib/api/install.js
- /Users/cuteloli/Code/node-toolchain-infer/.cache/maintenance/prepared/a086506bb73675bdf79f6854709170a7c92c799dc6b49284a1cdc5a9d75ad102/tool/lib/cmd/install.js
- /Users/cuteloli/Code/node-toolchain-infer/.cache/maintenance/prepared/a086506bb73675bdf79f6854709170a7c92c799dc6b49284a1cdc5a9d75ad102/tool/lib/bin/pnpm.js
    at Module._resolveFilename (node:internal/modules/cjs/loader:1420:15)
    at defaultResolveImpl (node:internal/modules/cjs/loader:1058:19)
    at resolveForCJSWithHooks (node:internal/modules/cjs/loader:1063:22)
    at Module._load (node:internal/modules/cjs/loader:1226:37)
    at TracingChannel.traceSync (node:diagnostics_channel:328:14)
    at wrapModuleLoad (node:internal/modules/cjs/loader:244:24)
    at Module.require (node:internal/modules/cjs/loader:1503:12)
    at require (node:internal/modules/helpers:152:16)
    at Object.<anonymous> (/Users/cuteloli/Code/node-toolchain-infer/.cache/maintenance/prepared/a086506bb73675bdf79f6854709170a7c92c799dc6b49284a1cdc5a9d75ad102/tool/lib/node_modules/@zkochan/cmd-shim/index.js:17:15)
    at Module._compile (node:internal/modules/cjs/loader:1760:14)
    at Object..js (node:internal/modules/cjs/loader:1893:10)
    at Module.load (/Users/cuteloli/Code/node-toolchain-infer/.cache/maintenance/prepared/a086506bb73675bdf79f6854709170a7c92c799dc6b49284a1cdc5a9d75ad102/tool/lib/node_modules/coffee-script/lib/coffee-script/register.js:45:36)
    at Module._load (node:internal/modules/cjs/loader:1299:12)
    at TracingChannel.traceSync (node:diagnostics_channel:328:14)
    at wrapModuleLoad (node:internal/modules/cjs/loader:244:24)
    at Module.require (node:internal/modules/cjs/loader:1503:12)
    at require (node:internal/modules/helpers:152:16)
    at Object.<anonymous> (/Users/cuteloli/Code/node-toolchain-infer/.cache/maintenance/prepared/a086506bb73675bdf79f6854709170a7c92c799dc6b49284a1cdc5a9d75ad102/tool/lib/install/linkBins.js:18:17)
    at Module._compile (node:internal/modules/cjs/loader:1760:14)
    at Object..js (node:internal/modules/cjs/loader:1893:10)
    at Module.load (/Users/cuteloli/Code/node-toolchain-infer/.cache/maintenance/prepared/a086506bb73675bdf79f6854709170a7c92c799dc6b49284a1cdc5a9d75ad102/tool/lib/node_modules/coffee-script/lib/coffee-script/register.js:45:36)
    at Module._load (node:internal/modules/cjs/loader:1299:12)
    at TracingChannel.traceSync (node:diagnostics_channel:328:14)
    at wrapModuleLoad (node:internal/modules/cjs/loader:244:24)
    at Module.require (node:internal/modules/cjs/loader:1503:12)
    at require (node:internal/modules/helpers:152:16)
    at Object.<anonymous> (/Users/cuteloli/Code/node-toolchain-infer/.cache/maintenance/prepared/a086506bb73675bdf79f6854709170a7c92c799dc6b49284a1cdc5a9d75ad102/tool/lib/api/install.js:33:20)
    at Module._compile (node:internal/modules/cjs/loader:1760:14)
    at Object..js (node:internal/modules/cjs/loader:1893:10)
    at Module.<anonymous> (node:internal/modules/cjs/loader:1480:32)
    at Module._load (node:internal/modules/cjs/loader:1299:12)
    at TracingChannel.traceSync (node:diagnostics_channel:328:14)
    at wrapModuleLoad (node:internal/modules/cjs/loader:244:24)
    at Module.require (node:internal/modules/cjs/loader:1503:12)
    at require (node:internal/modules/helpers:152:16)
    at Object.<anonymous> (/Users/cuteloli/Code/node-toolchain-infer/.cache/maintenance/prepared/a086506bb73675bdf79f6854709170a7c92c799dc6b49284a1cdc5a9d75ad102/tool/lib/cmd/install.js:2:19)
    at Module._compile (node:internal/modules/cjs/loader:1760:14)
    at Object..js (node:internal/modules/cjs/loader:1893:10)
    at Module.<anonymous> (node:internal/modules/cjs/loader:1480:32)
    at Module._load (node:internal/modules/cjs/loader:1299:12)
    at TracingChannel.traceSync (node:diagnostics_channel:328:14)
    at wrapModuleLoad (node:internal/modules/cjs/loader:244:24)
    at Module.require (node:internal/modules/cjs/loader:1503:12)
    at require (node:internal/modules/helpers:152:16)
    at Object.<anonymous> (/Users/cuteloli/Code/node-toolchain-infer/.cache/maintenance/prepared/a086506bb73675bdf79f6854709170a7c92c799dc6b49284a1cdc5a9d75ad102/tool/lib/bin/pnpm.js:22:19)
    at Module._compile (node:internal/modules/cjs/loader:1760:14)
    at Object..js (node:internal/modules/cjs/loader:1893:10)
    at Module.<anonymous> (node:internal/modules/cjs/loader:1480:32)
    at Module._load (node:internal/modules/cjs/loader:1299:12)
    at TracingChannel.traceSync (node:diagnostics_channel:328:14)
    at wrapModuleLoad (node:internal/modules/cjs/loader:244:24)
    at Module.executeUserEntryPoint [as runMain] (node:internal/modules/run_main:154:5)
    at node:internal/main/run_main_module:33:47
 {
  code: 'MODULE_NOT_FOUND',
  requireStack: [
    '/Users/cuteloli/Code/node-toolchain-infer/.cache/maintenance/prepared/a086506bb73675bdf79f6854709170a7c92c799dc6b49284a1cdc5a9d75ad102/tool/lib/node_modules/@zkochan/cmd-shim/index.js',
    '/Users/cuteloli/Code/node-toolchain-infer/.cache/maintenance/prepared/a086506bb73675bdf79f6854709170a7c92c799dc6b49284a1cdc5a9d75ad102/tool/lib/install/linkBins.js',
    '/Users/cuteloli/Code/node-toolchain-infer/.cache/maintenance/prepared/a086506bb73675bdf79f6854709170a7c92c799dc6b49284a1cdc5a9d75ad102/tool/lib/api/install.js',
    '/Users/cuteloli/Code/node-toolchain-infer/.cache/maintenance/prepared/a086506bb73675bdf79f6854709170a7c92c799dc6b49284a1cdc5a9d75ad102/tool/lib/cmd/install.js',
    '/Users/cuteloli/Code/node-toolchain-infer/.cache/maintenance/prepared/a086506bb73675bdf79f6854709170a7c92c799dc6b49284a1cdc5a9d75ad102/tool/lib/bin/pnpm.js'
  ]
}

Node.js v24.10.0

    at genericNodeError (node:internal/errors:985:15)
    at wrappedFn (node:internal/errors:539:14)
    at ChildProcess.exithandler (node:child_process:417:12)
    at ChildProcess.emit (node:events:508:28)
    at maybeClose (node:internal/child_process:1101:16)
    at ChildProcess._handle.onexit (node:internal/child_process:305:5)