/Users/cuteloli/Code/node-toolchain-infer/.cache/maintenance/nodes/node-11.12.0-darwin-x64-93d68c1af41d02b262b3383d69b46eb326707ec010b321ad5655b91c4956e783/bin/node /var/folders/dk/hdf0w6sx0dbfnxr2gy5dh1mw0000gn/T/toolchain-seed-AbpthK/14/tools/pnpm-3.0.1/node_modules/pnpm/bin/pnpm.js install --frozen-lockfile --ignore-scripts
 WARN  waiting for the store at "/Users/cuteloli/.pnpm-store/2" to be unlocked...
Performing headless installation
Resolving: total 1, reused 0, downloaded 0
Resolving: total 1, reused 0, downloaded 0
Packages: +1
+
Resolving: total 1, reused 1, downloaded 0, done

dependencies:
+ is-number 7.0.0


[Contradictory manifest control]
{
  "name": "compatibility-fixture",
  "version": "1.0.0",
  "private": true,
  "dependencies": {
    "is-number": "6.0.0"
  }
}
Result: incompatible; logs/3b69a13ac8a6b5a693c7e9be1f3d356bbe528f34b9d0636367b0e6eea6473341-f48f12c097a8.log
