/Users/cuteloli/.local/share/fnm/node-versions/v24.10.0/installation/bin/node /var/folders/dk/hdf0w6sx0dbfnxr2gy5dh1mw0000gn/T/toolchain-seed-gYV5T8/0/tools/yarn-4.8.0/node_modules/@yarnpkg/cli-dist/bin/yarn.js install --immutable
➤ YN0087: Migrated your project to the latest Yarn version 🚀

➤ YN0000: · Yarn 4.8.0
➤ YN0000: ┌ Resolution step
➤ YN0000: └ Completed in 0s 204ms

➤ YN0000: ┌ Post-resolution validation
➤ YN0000: │ @@ -1,21 +1,21 @@
➤ YN0000: │  # This file is generated by running "yarn install" inside your project.
➤ YN0000: │  # Manual changes might be lost - proceed with caution!
➤ YN0000: │  
➤ YN0000: │  __metadata:
➤ YN0028: │ -  version: 4
➤ YN0028: │ -  cacheKey: 7
➤ YN0028: │ +  version: 8
➤ YN0028: │ +  cacheKey: 10
➤ YN0000: │  
➤ YN0000: │  "compatibility-fixture@workspace:.":
➤ YN0000: │    version: 0.0.0-use.local
➤ YN0000: │    resolution: "compatibility-fixture@workspace:."
➤ YN0000: │    dependencies:
➤ YN0028: │ -    is-number: 7.0.0
➤ YN0028: │ +    is-number: "npm:7.0.0"
➤ YN0000: │    languageName: unknown
➤ YN0000: │    linkType: soft
➤ YN0000: │  
➤ YN0000: │  "is-number@npm:7.0.0":
➤ YN0000: │    version: 7.0.0
➤ YN0000: │    resolution: "is-number@npm:7.0.0"
➤ YN0028: │ -  checksum: eec6e506c6de472af4bdfd0cc477e8aeb76f0a7066c8680fcdfed5324ee31a7d2b59d22313007c58aa80eb937f0c40eefdceedb851997d46b490b49f87160369
➤ YN0028: │ +  checksum: 7/eec6e506c6de472af4bdfd0cc477e8aeb76f0a7066c8680fcdfed5324ee31a7d2b59d22313007c58aa80eb937f0c40eefdceedb851997d46b490b49f87160369
➤ YN0000: │    languageName: node
➤ YN0000: │    linkType: hard
➤ YN0000: │ 
➤ YN0028: │ The lockfile would have been modified by this install, which is explicitly forbidden.
➤ YN0000: └ Completed
➤ YN0000: · Failed with errors in 0s 213ms
