/Users/cuteloli/.local/share/fnm/node-versions/v24.10.0/installation/bin/node /var/folders/dk/hdf0w6sx0dbfnxr2gy5dh1mw0000gn/T/toolchain-seed-gle401/0/tools/pnpm-5.5.3/node_modules/pnpm/bin/pnpm.js install --frozen-lockfile --ignore-scripts
Lockfile is up-to-date, resolution step is skipped
Resolving: total 1, reused 0, downloaded 0
Resolving: total 1, reused 0, downloaded 0
Packages: +1
+
Packages are hard linked from the content-addressable store to the virtual store.
  Content-addressable store is at: /var/folders/dk/hdf0w6sx0dbfnxr2gy5dh1mw0000gn/T/toolchain-seed-gle401/0/project/.pnpm-store/v3
  Virtual store is at:             node_modules/.pnpm
Resolving: total 1, reused 0, downloaded 1, done

dependencies:
+ is-number 7.0.0


[Contradictory manifest control]
{
  "name": "compatibility-fixture",
  "version": "1.0.0",
  "private": true,
  "dependencies": {
    "is-number": "6.0.0"
  }
}
Result: inconclusive; logs/a2fa4be573f40433119392e38e8b9a80e9b46c71062a3dbdca8bb3be14a706b4-ff322cf3cb74.log
Frozen enforcement was not established: the control must reject the changed manifest or retain the original locked versions without changing files.
