/Users/cuteloli/Code/node-toolchain-infer/.cache/maintenance/nodes/node-18.1.0-darwin-arm64-8bc7b56fb7660dac5e981fd8724b95414fb52f698e8ce87dda92a683e5d2f4fa/bin/node /var/folders/dk/hdf0w6sx0dbfnxr2gy5dh1mw0000gn/T/toolchain-seed-Elra7r/7/tools/pnpm-6.32.13/node_modules/pnpm/bin/pnpm.cjs install --frozen-lockfile --ignore-scripts
 WARN  Your pnpm-lock.yaml was generated by a newer version of pnpm. It is a compatible version but it might get downgraded to version 5.3
Lockfile is up-to-date, resolution step is skipped
Progress: resolved 1, reused 0, downloaded 0, added 0
Packages: +1
+
Packages are hard linked from the content-addressable store to the virtual store.
  Content-addressable store is at: /var/folders/dk/hdf0w6sx0dbfnxr2gy5dh1mw0000gn/T/toolchain-seed-Elra7r/7/project/.pnpm-store/v3
  Virtual store is at:             node_modules/.pnpm

dependencies:
+ is-number 7.0.0

Progress: resolved 1, reused 0, downloaded 1, added 1, done

[Contradictory manifest control]
{
  "name": "compatibility-fixture",
  "version": "1.0.0",
  "private": true,
  "dependencies": {
    "is-number": "6.0.0"
  }
}
Result: incompatible; logs/1144a9dc8b4912d9cb9458a564adb3c813ac021d8f43bf04461eb9a0c3d2bea3-93134504c37b.log
