/Users/cuteloli/Code/node-toolchain-infer/.cache/maintenance/nodes/node-26.8.1-darwin-arm64-6e577fd0d9db776db82306629e441a9dace416702622aebdd171c9dfaa41f4d2/bin/node /var/folders/dk/hdf0w6sx0dbfnxr2gy5dh1mw0000gn/T/toolchain-seed-Elra7r/9/tools/npm-12.0.2/node_modules/npm/bin/npm-cli.js ci --ignore-scripts --no-audit --no-fund
npm warn Unknown env config "npm-globalconfig". This will error in a future major version of npm. See `npm help npmrc` for supported config options.
npm warn Unknown env config "verify-deps-before-run". This will error in a future major version of npm. See `npm help npmrc` for supported config options.
npm warn Unknown env config "_jsr-registry". This will error in a future major version of npm. See `npm help npmrc` for supported config options.
npm warn Unknown env config "store-dir". This will error in a future major version of npm. See `npm help npmrc` for supported config options.
npm warn old lockfile
npm warn old lockfile The package-lock.json file was created with an old version of npm,
npm warn old lockfile so supplemental metadata must be fetched from the registry.
npm warn old lockfile
npm warn old lockfile This is a one-time fix-up, please be patient...
npm warn old lockfile

added 1 package in 645ms

[Contradictory manifest control]
{
  "name": "compatibility-fixture",
  "version": "1.0.0",
  "private": true,
  "dependencies": {
    "is-number": "6.0.0"
  }
}
Result: incompatible; logs/2fa8afca5956154301202a71df1db7a8c6acd05b1064e7d6cc577d76243cbee7-8d22cb23007c.log
