/Users/cuteloli/.local/share/fnm/node-versions/v24.10.0/installation/bin/node /var/folders/dk/hdf0w6sx0dbfnxr2gy5dh1mw0000gn/T/toolchain-seed-xGknYz/1/tools/yarn-0.23.0/node_modules/yarn/bin/yarn.js install --frozen-lockfile --ignore-scripts --non-interactive
yarn install v0.23.0
(node:2600) [DEP0060] DeprecationWarning: The `util._extend` API is deprecated. Please use Object.assign() instead.
(Use `node --trace-deprecation ...` to show where the warning was created)
[1/4] Resolving packages...
[2/4] Fetching packages...
[3/4] Linking dependencies...
[4/4] Building fresh packages...
warning Ignored scripts due to flag.
Done in 0.88s.

[Contradictory manifest control]
{
  "name": "compatibility-fixture",
  "version": "1.0.0",
  "private": true,
  "dependencies": {
    "is-number": "6.0.0"
  }
}
Result: incompatible; logs/d6639ec1de2d2643ccb3935b1bd96ee7712006d2dfb92b2fecd29619f1677bd4-39a99f9d4773.log
