/Users/cuteloli/Code/node-toolchain-infer/.cache/maintenance/nodes/node-17.5.0-darwin-arm64-b5b5d8557d1556cc8224e0e0b0711b6baba79be74b22e6eaf9870ac71fcd757a/bin/node /var/folders/dk/hdf0w6sx0dbfnxr2gy5dh1mw0000gn/T/toolchain-seed-AbpthK/4/tools/pnpm-6.31.0/node_modules/pnpm/bin/pnpm.cjs install --frozen-lockfile --ignore-scripts
 WARN  Your pnpm-lock.yaml was generated by a newer version of pnpm. It is a compatible version but it might get downgraded to version 5.3
Lockfile is up-to-date, resolution step is skipped
Progress: resolved 1, reused 0, downloaded 0, added 0
Packages: +1
+
Packages are hard linked from the content-addressable store to the virtual store.
  Content-addressable store is at: /var/folders/dk/hdf0w6sx0dbfnxr2gy5dh1mw0000gn/T/toolchain-seed-AbpthK/4/project/.pnpm-store/v3
  Virtual store is at:             node_modules/.pnpm

dependencies:
+ is-number 7.0.0

Progress: resolved 1, reused 0, downloaded 1, added 1, done

[Contradictory manifest control]
{
  "name": "compatibility-fixture",
  "version": "1.0.0",
  "private": true,
  "dependencies": {
    "is-number": "6.0.0"
  }
}
Result: incompatible; logs/773c471d68b08c929fdccd917fcdda569f7acc02601594f7e55f4392f97d7024-dfe68b3a0c23.log
