/Users/cuteloli/.local/share/fnm/node-versions/v24.10.0/installation/bin/node /var/folders/dk/hdf0w6sx0dbfnxr2gy5dh1mw0000gn/T/toolchain-seed-xGknYz/4/tools/yarn-0.24.4/node_modules/yarn/bin/yarn.js install --frozen-lockfile --ignore-scripts --non-interactive
yarn install v0.24.4
(node:90933) [DEP0060] DeprecationWarning: The `util._extend` API is deprecated. Please use Object.assign() instead.
(Use `node --trace-deprecation ...` to show where the warning was created)
[1/4] Resolving packages...
[2/4] Fetching packages...
[3/4] Linking dependencies...
[4/4] Building fresh packages...
Done in 0.74s.
warning Ignored scripts due to flag.

[Contradictory manifest control]
{
  "name": "compatibility-fixture",
  "version": "1.0.0",
  "private": true,
  "dependencies": {
    "is-number": "6.0.0"
  }
}
Result: incompatible; logs/b23f36beacf1d978a3e885371d958939926af4c998bbf04393b042362b6bbb98-dfd594d29cda.log
