/Users/cuteloli/.local/share/fnm/node-versions/v24.10.0/installation/bin/node /var/folders/dk/hdf0w6sx0dbfnxr2gy5dh1mw0000gn/T/toolchain-seed-LhwGgB/10/tools/pnpm-0.31.0/node_modules/pnpm/bin/pnpm.js install --frozen-shrinkwrap --ignore-scripts
(node:1650) [DEP0128] DeprecationWarning: Invalid 'main' field in '/private/var/folders/dk/hdf0w6sx0dbfnxr2gy5dh1mw0000gn/T/toolchain-seed-LhwGgB/10/tools/pnpm-0.31.0/node_modules/pnpm/node_modules/promisequence/package.json' of 'promoseq.js'. Please either fix that or report it to the module author
(Use `node --trace-deprecation ...` to show where the warning was created)
node:internal/errors:542
      throw error;
      ^

TypeError [ERR_INVALID_ARG_TYPE]: The "cb" argument must be of type function. Received undefined
    at makeCallback (node:fs:183:3)
    at Object.unlink (node:fs:1930:14)
    at process.<anonymous> (/private/var/folders/dk/hdf0w6sx0dbfnxr2gy5dh1mw0000gn/T/toolchain-seed-LhwGgB/10/tools/pnpm-0.31.0/node_modules/pnpm/lib/file_logger.js:24:8)
    at process.emit (node:events:520:35)
    at process.processEmit [as emit] (/private/var/folders/dk/hdf0w6sx0dbfnxr2gy5dh1mw0000gn/T/toolchain-seed-LhwGgB/10/tools/pnpm-0.31.0/node_modules/pnpm/node_modules/signal-exit/index.js:191:37) {
  code: 'ERR_INVALID_ARG_TYPE'
}

Node.js v24.10.0

[Contradictory manifest control]
{
  "name": "compatibility-fixture",
  "version": "1.0.0",
  "private": true,
  "dependencies": {
    "is-number": "6.0.0"
  }
}
Result: pass; logs/f986b8f820bc3092b3bbb5d9815fde99423a9d817ecb1ced1ec7d1738317f6e0-a610b8916a24.log
Frozen enforcement was not established: the control must reject the changed manifest or retain the original locked versions without changing files.
