/Users/cuteloli/.local/share/fnm/node-versions/v24.10.0/installation/bin/node /var/folders/dk/hdf0w6sx0dbfnxr2gy5dh1mw0000gn/T/toolchain-seed-xGknYz/2/tools/yarn-0.24.6/node_modules/yarn/bin/yarn.js install --frozen-lockfile --ignore-scripts --non-interactive
yarn install v0.24.6
(node:91053) [DEP0060] DeprecationWarning: The `util._extend` API is deprecated. Please use Object.assign() instead.
(Use `node --trace-deprecation ...` to show where the warning was created)
[1/4] Resolving packages...
[2/4] Fetching packages...
[3/4] Linking dependencies...
[4/4] Building fresh packages...
Done in 0.45s.
warning Ignored scripts due to flag.

[Contradictory manifest control]
{
  "name": "compatibility-fixture",
  "version": "1.0.0",
  "private": true,
  "dependencies": {
    "is-number": "6.0.0"
  }
}
Result: incompatible; logs/4e567e798224eb775b9682e0cdd94bc5bfab1febc2f9a81b1c2d6ffde4f0f1ee-0d94fa14624b.log
