/Users/cuteloli/Code/node-toolchain-infer/.cache/maintenance/nodes/node-19.1.0-darwin-arm64-d05a4a3c9f081c7fbab131f447714fa708328c5c1634c278716adfbdbae0ff26/bin/node /var/folders/dk/hdf0w6sx0dbfnxr2gy5dh1mw0000gn/T/toolchain-seed-Elra7r/2/tools/pnpm-7.17.0/node_modules/pnpm/bin/pnpm.cjs install --frozen-lockfile --ignore-scripts
Lockfile is up to date, resolution step is skipped
Progress: resolved 1, reused 0, downloaded 0, added 0
Packages: +1
+
Packages are hard linked from the content-addressable store to the virtual store.
  Content-addressable store is at: /var/folders/dk/hdf0w6sx0dbfnxr2gy5dh1mw0000gn/T/toolchain-seed-Elra7r/2/project/.pnpm-store/v3
  Virtual store is at:             node_modules/.pnpm
Progress: resolved 1, reused 0, downloaded 1, added 1, done

dependencies:
+ is-number 7.0.0

Done in 1.9s

[Contradictory manifest control]
{
  "name": "compatibility-fixture",
  "version": "1.0.0",
  "private": true,
  "dependencies": {
    "is-number": "6.0.0"
  }
}
Result: incompatible; logs/3728b2db9e3c0c105c026f3558b176630fee1d6f08634854c2918f17ddc7b84e-c79c9f8d67b7.log
