/Users/cuteloli/Code/node-toolchain-infer/.cache/maintenance/nodes/node-10.24.1-darwin-x64-8088968a896e17c21b98187f8083291df9c88d0baa100a6cb9553e53c4fb17f8/bin/node /Users/cuteloli/Code/node-toolchain-infer/.cache/pnpm-frozen-history/run-1788951542785/3.0.0-alpha.3/tools/pnpm-3.0.0-alpha.3/node_modules/pnpm/bin/pnpm.js install --frozen-lockfile --ignore-scripts
 WARN  waiting for the store at "/Users/cuteloli/.pnpm-store/2" to be unlocked...
Performing headless installation
Resolving: total 1, reused 0, downloaded 0
Resolving: total 1, reused 0, downloaded 0
Packages: +1
+
Resolving: total 1, reused 1, downloaded 0, done

dependencies:
+ is-number 7.0.0


[Contradictory manifest control]
{
  "name": "compatibility-fixture",
  "version": "1.0.0",
  "private": true,
  "dependencies": {
    "is-number": "6.0.0"
  }
}
Result: incompatible; logs/ea671abfebe611be3cd7da2bdf0710baaaee1dbd7f1d61a861651d451cdaf62f-65a45012ee15.log
