/Users/cuteloli/Code/node-toolchain-infer/.cache/maintenance/nodes/node-16.11.1-darwin-arm64-5e772e478390fab3001b7148a923e4f22fca50170000f18b28475337d3a97248/bin/node /Users/cuteloli/Code/node-toolchain-infer/.cache/yarn-gap-audit/tools/3.1.0-rc.12-16.11.1-1788955525838/yarn-3.1.0-rc.12/yarn.cjs install --immutable
➤ YN0000: ┌ Resolution step
➤ YN0000: └ Completed in 0s 203ms

➤ YN0000: ┌ Post-resolution validation
➤ YN0000: │ @@ -2,20 +2,18 @@
➤ YN0000: │  # Manual changes might be lost - proceed with caution!
➤ YN0000: │  
➤ YN0000: │  __metadata:
➤ YN0000: │    version: 5
➤ YN0028: │ -  cacheKey: 8
➤ YN0000: │  
➤ YN0000: │  "compatibility-fixture@workspace:.":
➤ YN0000: │    version: 0.0.0-use.local
➤ YN0000: │    resolution: "compatibility-fixture@workspace:."
➤ YN0000: │    dependencies:
➤ YN0028: │ -    is-number: 7.0.0
➤ YN0028: │ +    is-number: 6.0.0
➤ YN0000: │    languageName: unknown
➤ YN0000: │    linkType: soft
➤ YN0000: │  
➤ YN0028: │ -"is-number@npm:7.0.0":
➤ YN0028: │ -  version: 7.0.0
➤ YN0028: │ -  resolution: "is-number@npm:7.0.0"
➤ YN0028: │ -  checksum: 456ac6f8e0f3111ed34668a624e45315201dff921e5ac181f8ec24923b99e9f32ca1a194912dc79d539c97d33dba17dc635202ff0b2cf98326f608323276d27a
➤ YN0028: │ +"is-number@npm:6.0.0":
➤ YN0028: │ +  version: 6.0.0
➤ YN0028: │ +  resolution: "is-number@npm:6.0.0"
➤ YN0000: │    languageName: node
➤ YN0000: │    linkType: hard
➤ YN0000: │ 
➤ YN0028: │ The lockfile would have been modified by this install, which is explicitly forbidden.
➤ YN0000: └ Completed
➤ YN0000: Failed with errors in 0s 208ms
