/Users/cuteloli/Code/node-toolchain-infer/.cache/gap-audit/tools/12.0.0-alpha.9-node-24.10.0-pnpm-lock-v9/pnpm-12.0.0-alpha.9/node_modules/pnpm/native-pnpm install --frozen-lockfile --ignore-scripts
[Fixture environment] {"npm_config_auto_install_peers":"true","npm_config_exclude_links_from_lockfile":"false"}
✓ Lockfile passes supply-chain policies (previously verified)
Packages: +1
+
Packages: +1
+
Packages are cloned from the content-addressable store to the virtual store.
  Content-addressable store is at: /Users/cuteloli/Code/node-toolchain-infer/.cache/gap-audit/runs/12.0.0-alpha.9-node-24.10.0-pnpm-lock-v9/.pnpm-home/store/v11
  Virtual store is at:             node_modules/.pnpm
Progress: resolved 1, reused 0, downloaded 1, added 1, done

dependencies:
+ is-number 7.0.0

Done in 348ms using pnpm v12.0.0-alpha.9

[Contradictory manifest control]
{
  "name": "compatibility-fixture",
  "version": "1.0.0",
  "private": true,
  "dependencies": {
    "is-number": "6.0.0"
  }
}
Result: incompatible; logs/038a7a4d36a509068a94f63dbd4de0a93c374f1fd323d7a51f042cb2a04145af-11077f6ae464.log
