Checking npm@1.0.0
✔ reviewed 1.0.0 bugs resolve preserved conflicts without relabeling raw failures (899.165875ms)
Checking npm@1.0.0-beta.0
✖ reviewed 1.0.0-beta.0 bugs resolve preserved conflicts without relabeling raw failures (758.063875ms)
ℹ tests 2
ℹ suites 0
ℹ pass 1
ℹ fail 1
ℹ cancelled 0
ℹ skipped 0
ℹ todo 0
ℹ duration_ms 1991.880917

✖ failing tests:

test at test/maintenance-release-integration.test.ts:18:50
✖ reviewed 1.0.0-beta.0 bugs resolve preserved conflicts without relabeling raw failures (758.063875ms)
  AssertionError [ERR_ASSERTION]: Expected values to be strictly equal:
  
  2 !== 0
  
      at TestContext.<anonymous> (/Users/cuteloli/Code/node-toolchain-infer/test/maintenance-release-integration.test.ts:166:12)
      at async Test.run (node:internal/test_runner/test:1113:7)
      at async Test.processPendingSubtests (node:internal/test_runner/test:788:7) {
    generatedMessage: true,
    code: 'ERR_ASSERTION',
    actual: 2,
    expected: 0,
    operator: 'strictEqual',
    diff: 'simple'
  }
