/var/folders/dk/hdf0w6sx0dbfnxr2gy5dh1mw0000gn/T/toolchain-matrix-GcsqxT/tools/nodes/node-11.11.0-darwin-x64-6b7c8d93096bf065de0d0a42e8f027c424172c82df6f015d3149a5dbfa03c1cc/bin/node /var/folders/dk/hdf0w6sx0dbfnxr2gy5dh1mw0000gn/T/toolchain-matrix-GcsqxT/tools/pnpm-3.0.0/node_modules/pnpm/bin/pnpm.js install --frozen-lockfile --ignore-scripts
 WARN  waiting for the store at "/Users/cuteloli/.pnpm-store/2" to be unlocked...
Performing headless installation
Resolving: total 1, reused 0, downloaded 0
Resolving: total 1, reused 0, downloaded 0
Packages: +1
+
Resolving: total 1, reused 1, downloaded 0, done

dependencies:
+ is-number 7.0.0


[Contradictory manifest control]
{
  "name": "compatibility-fixture",
  "version": "1.0.0",
  "private": true,
  "dependencies": {
    "is-number": "6.0.0"
  }
}
Result: incompatible; logs/779aadbe2aeabd86f63a2541b6bb50a253ad52096b96386f435e46d1c7990793-9f8315f8ae21.log
