/var/folders/dk/hdf0w6sx0dbfnxr2gy5dh1mw0000gn/T/toolchain-matrix-GcsqxT/tools/nodes/node-19.4.0-darwin-arm64-9b6bfec4787ec5e500d21e835467fc4bb67689ef7d30a66e31d5bc372405eb42/bin/node /var/folders/dk/hdf0w6sx0dbfnxr2gy5dh1mw0000gn/T/toolchain-matrix-GcsqxT/tools/yarn-4.0.0-rc.35/node_modules/@yarnpkg/cli-dist/bin/yarn.js install --immutable
➤ YN0000: ┌ Resolution step
➤ YN0000: └ Completed
➤ YN0000: ┌ Fetch step
➤ YN0013: │ No packages were cached - one package had to be fetched (is-number@npm:7.0.0)
➤ YN0000: └ Completed in 0s 435ms
➤ YN0000: ┌ Link step
➤ YN0000: └ Completed
➤ YN0000: Done in 0s 533ms

[PnP dependency verification] /var/folders/dk/hdf0w6sx0dbfnxr2gy5dh1mw0000gn/T/toolchain-matrix-GcsqxT/tools/nodes/node-19.4.0-darwin-arm64-9b6bfec4787ec5e500d21e835467fc4bb67689ef7d30a66e31d5bc372405eb42/bin/node --require /var/folders/dk/hdf0w6sx0dbfnxr2gy5dh1mw0000gn/T/toolchain-matrix-GcsqxT/project/.pnp.cjs --eval const out = {}; for (const name of JSON.parse(process.argv[1])) out[name] = require(name + "/package.json").version; console.log("NTI_DEPENDENCIES " + JSON.stringify(out)); ["is-number"]
NTI_DEPENDENCIES {"is-number":"7.0.0"}

[Contradictory manifest control]
{
  "name": "compatibility-fixture",
  "version": "1.0.0",
  "private": true,
  "dependencies": {
    "is-number": "6.0.0"
  }
}
Result: incompatible; logs/2884d9f3b626b66145446a7a88d971e978b96e8d1384c7164a21214c368ec1a9-e23e08026d13.log
